<html>
<body>
<pre>
<h1>礦ision Build Log</h1>
<h2>Tool Versions:</h2>
IDE-Version: μVision V5.14.0.0
Copyright (C) 2015 ARM Ltd and ARM Germany GmbH. All rights reserved.
License Information: 1 maleming030101@163.com, 1, LIC=CZLZX-HP6UG-ARQXW-QZ8R1-9JMC9-036G0
 
Tool Versions:
Toolchain:       MDK-ARM Standard  Version: 5.14.0.0
Toolchain Path:  C:\Keil_v5\ARM\ARMCC\Bin
C Compiler:      Armcc.exe V5.05 update 1 (build 106)
Assembler:       Armasm.exe V5.05 update 1 (build 106)
Linker/Locator:  ArmLink.exe V5.05 update 1 (build 106)
Library Manager: ArmAr.exe V5.05 update 1 (build 106)
Hex Converter:   FromElf.exe V5.05 update 1 (build 106)
CPU DLL:         SARMCM3.DLL V5.14.0.0
Dialog DLL:      DARMSTM.dll V1.65.0.0
Target DLL:      Segger\JL2CM3.dll V2.99.15.0
Dialog DLL:      TCM.DLL V1.14.4.0
 
<h2>Project:</h2>
C:\Users\malem\Desktop\任务\电路特性测量\暑假\版本管理\Version3_ 测试文件_基于version2\Project\STM32_Proj.uvprojx
Project File Date:  07/03/2022

<h2>Output:</h2>
Build target 'Target 1'
compiling task.c...
..\Source\Main\task.c(260): warning:  #177-D: variable "contrast_data" was declared but never referenced
      malfunction contrast_data[14]={
..\Source\Main\task.c: 1 warning, 0 errors
linking...
Program Size: Code=8396 RO-data=636 RW-data=76 ZI-data=1052  
FromELF: creating hex file...
".\Objects\STM32_Proj.axf" - 0 Error(s), 1 Warning(s).

<h2>Collection of Component include folders:</h2>
  C:\Users\malem\Desktop\任务\电路特性测量\暑假\版本管理\Version3_ 测试文件_基于version2\Project\RTE
  C:\Keil_v5\ARM\PACK\Keil\STM32F1xx_DFP\2.3.0

<h2>Collection of Component Files used:</h2>
</pre>
</body>
</html>
