Component: ARM Compiler 5.05 update 1 (build 106) Tool: armlink [4d0efa]

==============================================================================

Section Cross References

    startup_stm32f401xc.o(RESET) refers to startup_stm32f401xc.o(STACK) for __initial_sp
    startup_stm32f401xc.o(RESET) refers to startup_stm32f401xc.o(.text) for Reset_Handler
    startup_stm32f401xc.o(RESET) refers to stm32f4xx_it.o(i.NMI_Handler) for NMI_Handler
    startup_stm32f401xc.o(RESET) refers to stm32f4xx_it.o(i.HardFault_Handler) for HardFault_Handler
    startup_stm32f401xc.o(RESET) refers to stm32f4xx_it.o(i.MemManage_Handler) for MemManage_Handler
    startup_stm32f401xc.o(RESET) refers to stm32f4xx_it.o(i.BusFault_Handler) for BusFault_Handler
    startup_stm32f401xc.o(RESET) refers to stm32f4xx_it.o(i.UsageFault_Handler) for UsageFault_Handler
    startup_stm32f401xc.o(RESET) refers to stm32f4xx_it.o(i.SVC_Handler) for SVC_Handler
    startup_stm32f401xc.o(RESET) refers to stm32f4xx_it.o(i.DebugMon_Handler) for DebugMon_Handler
    startup_stm32f401xc.o(RESET) refers to stm32f4xx_it.o(i.PendSV_Handler) for PendSV_Handler
    startup_stm32f401xc.o(RESET) refers to stm32f4xx_it.o(i.SysTick_Handler) for SysTick_Handler
    startup_stm32f401xc.o(RESET) refers to stm32f4xx_it.o(i.ADC_IRQHandler) for ADC_IRQHandler
    startup_stm32f401xc.o(RESET) refers to stm32f4xx_it.o(i.USART1_IRQHandler) for USART1_IRQHandler
    startup_stm32f401xc.o(RESET) refers to stm32f4xx_it.o(i.DMA2_Stream0_IRQHandler) for DMA2_Stream0_IRQHandler
    startup_stm32f401xc.o(.text) refers to system_stm32f4xx.o(i.SystemInit) for SystemInit
    startup_stm32f401xc.o(.text) refers to entry.o(.ARM.Collect$$$$00000000) for __main
    main.o(i.HAL_ADC_ConvCpltCallback) refers to stm32f4xx_hal_adc.o(i.HAL_ADC_Stop_DMA) for HAL_ADC_Stop_DMA
    main.o(i.HAL_ADC_ConvCpltCallback) refers to arm_cfft_radix4_f32.o(.text.arm_cfft_radix4_f32) for arm_cfft_radix4_f32
    main.o(i.HAL_ADC_ConvCpltCallback) refers to arm_cmplx_mag_f32.o(.text.arm_cmplx_mag_f32) for arm_cmplx_mag_f32
    main.o(i.HAL_ADC_ConvCpltCallback) refers to f2d.o(.text) for __aeabi_f2d
    main.o(i.HAL_ADC_ConvCpltCallback) refers to dmul.o(.text) for __aeabi_dmul
    main.o(i.HAL_ADC_ConvCpltCallback) refers to d2f.o(.text) for __aeabi_d2f
    main.o(i.HAL_ADC_ConvCpltCallback) refers to sqrt.o(i.__hardfp_sqrt) for __hardfp_sqrt
    main.o(i.HAL_ADC_ConvCpltCallback) refers to ddiv.o(.text) for __aeabi_ddiv
    main.o(i.HAL_ADC_ConvCpltCallback) refers to dfixi.o(.text) for __aeabi_d2iz
    main.o(i.HAL_ADC_ConvCpltCallback) refers to printf1.o(i.__0printf$1) for __2printf
    main.o(i.HAL_ADC_ConvCpltCallback) refers to adc.o(.bss) for hadc1
    main.o(i.HAL_ADC_ConvCpltCallback) refers to main.o(.data) for .data
    main.o(i.HAL_ADC_ConvCpltCallback) refers to main.o(.bss) for .bss
    main.o(i.HAL_UART_RxCpltCallback) refers to stm32f4xx_hal_gpio.o(i.HAL_GPIO_WritePin) for HAL_GPIO_WritePin
    main.o(i.HAL_UART_RxCpltCallback) refers to stm32f4xx_hal_adc.o(i.HAL_ADC_Start_DMA) for HAL_ADC_Start_DMA
    main.o(i.HAL_UART_RxCpltCallback) refers to memseta.o(.text) for __aeabi_memclr4
    main.o(i.HAL_UART_RxCpltCallback) refers to stm32f4xx_hal_uart.o(i.HAL_UART_Receive_IT) for HAL_UART_Receive_IT
    main.o(i.HAL_UART_RxCpltCallback) refers to main.o(.data) for .data
    main.o(i.HAL_UART_RxCpltCallback) refers to main.o(.bss) for .bss
    main.o(i.HAL_UART_RxCpltCallback) refers to adc.o(.bss) for hadc1
    main.o(i.HAL_UART_RxCpltCallback) refers to usart.o(.bss) for huart1
    main.o(i.SystemClock_Config) refers to memseta.o(.text) for __aeabi_memclr4
    main.o(i.SystemClock_Config) refers to stm32f4xx_hal_rcc.o(i.HAL_RCC_OscConfig) for HAL_RCC_OscConfig
    main.o(i.SystemClock_Config) refers to stm32f4xx_hal_rcc.o(i.HAL_RCC_ClockConfig) for HAL_RCC_ClockConfig
    main.o(i.main) refers to stm32f4xx_hal.o(i.HAL_Init) for HAL_Init
    main.o(i.main) refers to main.o(i.SystemClock_Config) for SystemClock_Config
    main.o(i.main) refers to gpio.o(i.MX_GPIO_Init) for MX_GPIO_Init
    main.o(i.main) refers to dma.o(i.MX_DMA_Init) for MX_DMA_Init
    main.o(i.main) refers to adc.o(i.MX_ADC1_Init) for MX_ADC1_Init
    main.o(i.main) refers to usart.o(i.MX_USART1_UART_Init) for MX_USART1_UART_Init
    main.o(i.main) refers to tim.o(i.MX_TIM3_Init) for MX_TIM3_Init
    main.o(i.main) refers to stm32f4xx_hal_uart.o(i.HAL_UART_Receive_IT) for HAL_UART_Receive_IT
    main.o(i.main) refers to stm32f4xx_hal_gpio.o(i.HAL_GPIO_WritePin) for HAL_GPIO_WritePin
    main.o(i.main) refers to stm32f4xx_hal_tim.o(i.HAL_TIM_Base_Start) for HAL_TIM_Base_Start
    main.o(i.main) refers to stm32f4xx_hal_adc.o(i.HAL_ADC_Start_DMA) for HAL_ADC_Start_DMA
    main.o(i.main) refers to arm_cfft_radix4_init_f32.o(.text.arm_cfft_radix4_init_f32) for arm_cfft_radix4_init_f32
    main.o(i.main) refers to main.o(.data) for .data
    main.o(i.main) refers to usart.o(.bss) for huart1
[...]
    Removing stm32f4xx_hal_tim.o(i.TIM_OC4_SetConfig), (68 bytes).
    Removing stm32f4xx_hal_tim.o(i.TIM_SlaveTimer_SetConfig), (140 bytes).
    Removing stm32f4xx_hal_tim.o(i.TIM_TI1_SetConfig), (108 bytes).
    Removing stm32f4xx_hal_tim.o(i.TIM_TI2_SetConfig), (54 bytes).
    Removing stm32f4xx_hal_tim_ex.o(.rev16_text), (4 bytes).
    Removing stm32f4xx_hal_tim_ex.o(.revsh_text), (4 bytes).
    Removing stm32f4xx_hal_tim_ex.o(.rrx_text), (6 bytes).
    Removing stm32f4xx_hal_tim_ex.o(i.HAL_TIMEx_BreakCallback), (2 bytes).
    Removing stm32f4xx_hal_tim_ex.o(i.HAL_TIMEx_CommutCallback), (2 bytes).
    Removing stm32f4xx_hal_tim_ex.o(i.HAL_TIMEx_CommutHalfCpltCallback), (2 bytes).
    Removing stm32f4xx_hal_tim_ex.o(i.HAL_TIMEx_ConfigBreakDeadTime), (84 bytes).
    Removing stm32f4xx_hal_tim_ex.o(i.HAL_TIMEx_ConfigCommutEvent), (112 bytes).
    Removing stm32f4xx_hal_tim_ex.o(i.HAL_TIMEx_ConfigCommutEvent_DMA), (144 bytes).
    Removing stm32f4xx_hal_tim_ex.o(i.HAL_TIMEx_ConfigCommutEvent_IT), (112 bytes).
    Removing stm32f4xx_hal_tim_ex.o(i.HAL_TIMEx_GetChannelNState), (34 bytes).
    Removing stm32f4xx_hal_tim_ex.o(i.HAL_TIMEx_HallSensor_DeInit), (76 bytes).
    Removing stm32f4xx_hal_tim_ex.o(i.HAL_TIMEx_HallSensor_GetState), (6 bytes).
    Removing stm32f4xx_hal_tim_ex.o(i.HAL_TIMEx_HallSensor_Init), (208 bytes).
    Removing stm32f4xx_hal_tim_ex.o(i.HAL_TIMEx_HallSensor_MspDeInit), (2 bytes).
    Removing stm32f4xx_hal_tim_ex.o(i.HAL_TIMEx_HallSensor_MspInit), (2 bytes).
    Removing stm32f4xx_hal_tim_ex.o(i.HAL_TIMEx_HallSensor_Start), (148 bytes).
    Removing stm32f4xx_hal_tim_ex.o(i.HAL_TIMEx_HallSensor_Start_DMA), (204 bytes).
    Removing stm32f4xx_hal_tim_ex.o(i.HAL_TIMEx_HallSensor_Start_IT), (160 bytes).
    Removing stm32f4xx_hal_tim_ex.o(i.HAL_TIMEx_HallSensor_Stop), (58 bytes).
    Removing stm32f4xx_hal_tim_ex.o(i.HAL_TIMEx_HallSensor_Stop_DMA), (70 bytes).
    Removing stm32f4xx_hal_tim_ex.o(i.HAL_TIMEx_HallSensor_Stop_IT), (68 bytes).
    Removing stm32f4xx_hal_tim_ex.o(i.HAL_TIMEx_OCN_Start), (172 bytes).
    Removing stm32f4xx_hal_tim_ex.o(i.HAL_TIMEx_OCN_Start_DMA), (372 bytes).
    Removing stm32f4xx_hal_tim_ex.o(i.HAL_TIMEx_OCN_Start_IT), (212 bytes).
    Removing stm32f4xx_hal_tim_ex.o(i.HAL_TIMEx_OCN_Stop), (104 bytes).
    Removing stm32f4xx_hal_tim_ex.o(i.HAL_TIMEx_OCN_Stop_DMA), (168 bytes).
    Removing stm32f4xx_hal_tim_ex.o(i.HAL_TIMEx_OCN_Stop_IT), (170 bytes).
    Removing stm32f4xx_hal_tim_ex.o(i.HAL_TIMEx_OnePulseN_Start), (100 bytes).
    Removing stm32f4xx_hal_tim_ex.o(i.HAL_TIMEx_OnePulseN_Start_IT), (120 bytes).
    Removing stm32f4xx_hal_tim_ex.o(i.HAL_TIMEx_OnePulseN_Stop), (98 bytes).
    Removing stm32f4xx_hal_tim_ex.o(i.HAL_TIMEx_OnePulseN_Stop_IT), (120 bytes).
    Removing stm32f4xx_hal_tim_ex.o(i.HAL_TIMEx_PWMN_Start), (172 bytes).
    Removing stm32f4xx_hal_tim_ex.o(i.HAL_TIMEx_PWMN_Start_DMA), (372 bytes).
    Removing stm32f4xx_hal_tim_ex.o(i.HAL_TIMEx_PWMN_Start_IT), (212 bytes).
    Removing stm32f4xx_hal_tim_ex.o(i.HAL_TIMEx_PWMN_Stop), (104 bytes).
    Removing stm32f4xx_hal_tim_ex.o(i.HAL_TIMEx_PWMN_Stop_DMA), (168 bytes).
    Removing stm32f4xx_hal_tim_ex.o(i.HAL_TIMEx_PWMN_Stop_IT), (170 bytes).
    Removing stm32f4xx_hal_tim_ex.o(i.HAL_TIMEx_RemapConfig), (28 bytes).
    Removing stm32f4xx_hal_tim_ex.o(i.TIMEx_DMACommutationCplt), (16 bytes).
    Removing stm32f4xx_hal_tim_ex.o(i.TIMEx_DMACommutationHalfCplt), (16 bytes).
    Removing stm32f4xx_hal_tim_ex.o(i.TIM_CCxNChannelCmd), (26 bytes).
    Removing stm32f4xx_hal_tim_ex.o(i.TIM_DMADelayPulseNCplt), (94 bytes).
    Removing stm32f4xx_hal_tim_ex.o(i.TIM_DMAErrorCCxN), (62 bytes).
    Removing stm32f4xx_hal_uart.o(.rev16_text), (4 bytes).
    Removing stm32f4xx_hal_uart.o(.revsh_text), (4 bytes).
    Removing stm32f4xx_hal_uart.o(.rrx_text), (6 bytes).
    Removing stm32f4xx_hal_uart.o(i.HAL_HalfDuplex_EnableReceiver), (50 bytes).
    Removing stm32f4xx_hal_uart.o(i.HAL_HalfDuplex_EnableTransmitter), (50 bytes).
    Removing stm32f4xx_hal_uart.o(i.HAL_HalfDuplex_Init), (108 bytes).
    Removing stm32f4xx_hal_uart.o(i.HAL_LIN_Init), (128 bytes).
    Removing stm32f4xx_hal_uart.o(i.HAL_LIN_SendBreak), (60 bytes).
    Removing stm32f4xx_hal_uart.o(i.HAL_MultiProcessor_EnterMuteMode), (60 bytes).
    Removing stm32f4xx_hal_uart.o(i.HAL_MultiProcessor_ExitMuteMode), (60 bytes).
    Removing stm32f4xx_hal_uart.o(i.HAL_MultiProcessor_Init), (142 bytes).
    Removing stm32f4xx_hal_uart.o(i.HAL_UARTEx_ReceiveToIdle), (254 bytes).
    Removing stm32f4xx_hal_uart.o(i.HAL_UARTEx_ReceiveToIdle_DMA), (86 bytes).
    Removing stm32f4xx_hal_uart.o(i.HAL_UARTEx_ReceiveToIdle_IT), (86 bytes).
    Removing stm32f4xx_hal_uart.o(i.HAL_UART_Abort), (210 bytes).
    Removing stm32f4xx_hal_uart.o(i.HAL_UART_AbortCpltCallback), (2 bytes).
    Removing stm32f4xx_hal_uart.o(i.HAL_UART_AbortReceive), (148 bytes).
    Removing stm32f4xx_hal_uart.o(i.HAL_UART_AbortReceiveCpltCallback), (2 bytes).
    Removing stm32f4xx_hal_uart.o(i.HAL_UART_AbortReceive_IT), (152 bytes).
    Removing stm32f4xx_hal_uart.o(i.HAL_UART_AbortTransmit), (98 bytes).
    Removing stm32f4xx_hal_uart.o(i.HAL_UART_AbortTransmitCpltCallback), (2 bytes).
    Removing stm32f4xx_hal_uart.o(i.HAL_UART_AbortTransmit_IT), (104 bytes).
    Removing stm32f4xx_hal_uart.o(i.HAL_UART_Abort_IT), (244 bytes).
    Removing stm32f4xx_hal_uart.o(i.HAL_UART_DMAPause), (146 bytes).
    Removing stm32f4xx_hal_uart.o(i.HAL_UART_DMAResume), (140 bytes).
    Removing stm32f4xx_hal_uart.o(i.HAL_UART_DMAStop), (112 bytes).
    Removing stm32f4xx_hal_uart.o(i.HAL_UART_DeInit), (52 bytes).
    Removing stm32f4xx_hal_uart.o(i.HAL_UART_GetError), (4 bytes).
    Removing stm32f4xx_hal_uart.o(i.HAL_UART_GetState), (10 bytes).
    Removing stm32f4xx_hal_uart.o(i.HAL_UART_MspDeInit), (2 bytes).
    Removing stm32f4xx_hal_uart.o(i.HAL_UART_MspInit), (2 bytes).
    Removing stm32f4xx_hal_uart.o(i.HAL_UART_Receive), (192 bytes).
    Removing stm32f4xx_hal_uart.o(i.HAL_UART_Receive_DMA), (42 bytes).
    Removing stm32f4xx_hal_uart.o(i.HAL_UART_RxCpltCallback), (2 bytes).
    Removing stm32f4xx_hal_uart.o(i.HAL_UART_RxHalfCpltCallback), (2 bytes).
    Removing stm32f4xx_hal_uart.o(i.HAL_UART_Transmit_DMA), (140 bytes).
    Removing stm32f4xx_hal_uart.o(i.HAL_UART_Transmit_IT), (62 bytes).
    Removing stm32f4xx_hal_uart.o(i.HAL_UART_TxHalfCpltCallback), (2 bytes).
    Removing stm32f4xx_hal_uart.o(i.UART_DMAError), (74 bytes).
    Removing stm32f4xx_hal_uart.o(i.UART_DMAReceiveCplt), (130 bytes).
    Removing stm32f4xx_hal_uart.o(i.UART_DMARxAbortCallback), (44 bytes).
    Removing stm32f4xx_hal_uart.o(i.UART_DMARxHalfCplt), (26 bytes).
    Removing stm32f4xx_hal_uart.o(i.UART_DMARxOnlyAbortCallback), (22 bytes).
    Removing stm32f4xx_hal_uart.o(i.UART_DMATransmitCplt), (66 bytes).
    Removing stm32f4xx_hal_uart.o(i.UART_DMATxAbortCallback), (44 bytes).
    Removing stm32f4xx_hal_uart.o(i.UART_DMATxHalfCplt), (10 bytes).
    Removing stm32f4xx_hal_uart.o(i.UART_DMATxOnlyAbortCallback), (20 bytes).
    Removing stm32f4xx_hal_uart.o(i.UART_EndTxTransfer), (28 bytes).
    Removing stm32f4xx_hal_uart.o(i.UART_Start_Receive_DMA), (148 bytes).
    Removing system_stm32f4xx.o(.rev16_text), (4 bytes).
    Removing system_stm32f4xx.o(.revsh_text), (4 bytes).
    Removing system_stm32f4xx.o(.rrx_text), (6 bytes).
    Removing system_stm32f4xx.o(i.SystemCoreClockUpdate), (124 bytes).
    Removing fft_calculate.o(.rev16_text), (4 bytes).
    Removing fft_calculate.o(.revsh_text), (4 bytes).
    Removing fft_calculate.o(.rrx_text), (6 bytes).
    Removing arm_cmplx_mag_f32.o(.text), (0 bytes).
    Removing arm_cmplx_mag_f32.o(.ARM.exidx.text.arm_cmplx_mag_f32), (8 bytes).
    Removing arm_cfft_radix4_f32.o(.text), (0 bytes).
    Removing arm_cfft_radix4_f32.o(.ARM.exidx.text.arm_cfft_radix4_f32), (8 bytes).
    Removing arm_cfft_radix4_f32.o(.ARM.exidx.text.arm_radix4_butterfly_inverse_f32), (8 bytes).
    Removing arm_cfft_radix4_f32.o(.ARM.exidx.text.arm_radix4_butterfly_f32), (8 bytes).
    Removing arm_cfft_radix4_init_f32.o(.text), (0 bytes).
    Removing arm_cfft_radix4_init_f32.o(.ARM.exidx.text.arm_cfft_radix4_init_f32), (8 bytes).
    Removing arm_bitreversal.o(.text), (0 bytes).
    Removing arm_bitreversal.o(.ARM.exidx.text.arm_bitreversal_f32), (8 bytes).
    Removing arm_bitreversal.o(.text.arm_bitreversal_q31), (158 bytes).
    Removing arm_bitreversal.o(.ARM.exidx.text.arm_bitreversal_q31), (8 bytes).
    Removing arm_bitreversal.o(.text.arm_bitreversal_q15), (114 bytes).
    Removing arm_bitreversal.o(.ARM.exidx.text.arm_bitreversal_q15), (8 bytes).
    Removing arm_common_tables.o(.text), (0 bytes).
    Removing arm_common_tables.o(.rodata.twiddleCoef_16), (128 bytes).
    Removing arm_common_tables.o(.rodata.twiddleCoef_32), (256 bytes).
    Removing arm_common_tables.o(.rodata.twiddleCoef_64), (512 bytes).
    Removing arm_common_tables.o(.rodata.twiddleCoef_128), (1024 bytes).
    Removing arm_common_tables.o(.rodata.twiddleCoef_256), (2048 bytes).
    Removing arm_common_tables.o(.rodata.twiddleCoef_512), (4096 bytes).
    Removing arm_common_tables.o(.rodata.twiddleCoef_1024), (8192 bytes).
    Removing arm_common_tables.o(.rodata.twiddleCoef_2048), (16384 bytes).
    Removing arm_common_tables.o(.rodata.twiddleCoef_16_q31), (96 bytes).
    Removing arm_common_tables.o(.rodata.twiddleCoef_32_q31), (192 bytes).
    Removing arm_common_tables.o(.rodata.twiddleCoef_64_q31), (384 bytes).
    Removing arm_common_tables.o(.rodata.twiddleCoef_128_q31), (768 bytes).
    Removing arm_common_tables.o(.rodata.twiddleCoef_256_q31), (1536 bytes).
    Removing arm_common_tables.o(.rodata.twiddleCoef_512_q31), (3072 bytes).
    Removing arm_common_tables.o(.rodata.twiddleCoef_1024_q31), (6144 bytes).
    Removing arm_common_tables.o(.rodata.twiddleCoef_2048_q31), (12288 bytes).
    Removing arm_common_tables.o(.rodata.twiddleCoef_4096_q31), (24576 bytes).
    Removing arm_common_tables.o(.rodata.twiddleCoef_16_q15), (48 bytes).
    Removing arm_common_tables.o(.rodata.twiddleCoef_32_q15), (96 bytes).
    Removing arm_common_tables.o(.rodata.twiddleCoef_64_q15), (192 bytes).
    Removing arm_common_tables.o(.rodata.twiddleCoef_128_q15), (384 bytes).
    Removing arm_common_tables.o(.rodata.twiddleCoef_256_q15), (768 bytes).
    Removing arm_common_tables.o(.rodata.twiddleCoef_512_q15), (1536 bytes).
    Removing arm_common_tables.o(.rodata.twiddleCoef_1024_q15), (3072 bytes).
    Removing arm_common_tables.o(.rodata.twiddleCoef_2048_q15), (6144 bytes).
    Removing arm_common_tables.o(.rodata.twiddleCoef_4096_q15), (12288 bytes).
    Removing arm_common_tables.o(.rodata.armBitRevIndexTable16), (40 bytes).
    Removing arm_common_tables.o(.rodata.armBitRevIndexTable32), (96 bytes).
    Removing arm_common_tables.o(.rodata.armBitRevIndexTable64), (112 bytes).
    Removing arm_common_tables.o(.rodata.armBitRevIndexTable128), (416 bytes).
    Removing arm_common_tables.o(.rodata.armBitRevIndexTable256), (880 bytes).
    Removing arm_common_tables.o(.rodata.armBitRevIndexTable512), (896 bytes).
    Removing arm_common_tables.o(.rodata.armBitRevIndexTable1024), (3600 bytes).
    Removing arm_common_tables.o(.rodata.armBitRevIndexTable2048), (7616 bytes).
    Removing arm_common_tables.o(.rodata.armBitRevIndexTable4096), (8064 bytes).
    Removing arm_common_tables.o(.rodata.armBitRevIndexTable_fixed_16), (24 bytes).
    Removing arm_common_tables.o(.rodata.armBitRevIndexTable_fixed_32), (48 bytes).
    Removing arm_common_tables.o(.rodata.armBitRevIndexTable_fixed_64), (112 bytes).
    Removing arm_common_tables.o(.rodata.armBitRevIndexTable_fixed_128), (224 bytes).
    Removing arm_common_tables.o(.rodata.armBitRevIndexTable_fixed_256), (480 bytes).
    Removing arm_common_tables.o(.rodata.armBitRevIndexTable_fixed_512), (960 bytes).
    Removing arm_common_tables.o(.rodata.armBitRevIndexTable_fixed_1024), (1984 bytes).
    Removing arm_common_tables.o(.rodata.armBitRevIndexTable_fixed_2048), (3968 bytes).
    Removing arm_common_tables.o(.rodata.armBitRevIndexTable_fixed_4096), (8064 bytes).
    Removing arm_common_tables.o(.rodata.twiddleCoef_rfft_32), (128 bytes).
    Removing arm_common_tables.o(.rodata.twiddleCoef_rfft_64), (256 bytes).
    Removing arm_common_tables.o(.rodata.twiddleCoef_rfft_128), (512 bytes).
    Removing arm_common_tables.o(.rodata.twiddleCoef_rfft_256), (1024 bytes).
    Removing arm_common_tables.o(.rodata.twiddleCoef_rfft_512), (2048 bytes).
    Removing arm_common_tables.o(.rodata.twiddleCoef_rfft_1024), (4096 bytes).
    Removing arm_common_tables.o(.rodata.twiddleCoef_rfft_2048), (8192 bytes).
    Removing arm_common_tables.o(.rodata.twiddleCoef_rfft_4096), (16384 bytes).
    Removing arm_common_tables.o(.rodata.realCoefA), (32768 bytes).
    Removing arm_common_tables.o(.rodata.realCoefB), (32768 bytes).
    Removing arm_common_tables.o(.rodata.realCoefAQ31), (32768 bytes).
    Removing arm_common_tables.o(.rodata.realCoefBQ31), (32768 bytes).
    Removing arm_common_tables.o(.rodata.realCoefAQ15), (16384 bytes).
    Removing arm_common_tables.o(.rodata.realCoefBQ15), (16384 bytes).
    Removing arm_common_tables.o(.rodata.Weights_128), (1024 bytes).
    Removing arm_common_tables.o(.rodata.cos_factors_128), (512 bytes).
    Removing arm_common_tables.o(.rodata.Weights_512), (4096 bytes).
    Removing arm_common_tables.o(.rodata.cos_factors_512), (2048 bytes).
    Removing arm_common_tables.o(.rodata.Weights_2048), (16384 bytes).
    Removing arm_common_tables.o(.rodata.cos_factors_2048), (8192 bytes).
    Removing arm_common_tables.o(.rodata.Weights_8192), (65536 bytes).
    Removing arm_common_tables.o(.rodata.cos_factors_8192), (32768 bytes).
    Removing arm_common_tables.o(.rodata.WeightsQ15_128), (512 bytes).
    Removing arm_common_tables.o(.rodata.cos_factorsQ15_128), (256 bytes).
    Removing arm_common_tables.o(.rodata.WeightsQ15_512), (2048 bytes).
    Removing arm_common_tables.o(.rodata.cos_factorsQ15_512), (1024 bytes).
    Removing arm_common_tables.o(.rodata.WeightsQ15_2048), (8192 bytes).
    Removing arm_common_tables.o(.rodata.cos_factorsQ15_2048), (4096 bytes).
    Removing arm_common_tables.o(.rodata.WeightsQ15_8192), (32768 bytes).
    Removing arm_common_tables.o(.rodata.cos_factorsQ15_8192), (16384 bytes).
    Removing arm_common_tables.o(.rodata.WeightsQ31_128), (1024 bytes).
    Removing arm_common_tables.o(.rodata.cos_factorsQ31_128), (512 bytes).
    Removing arm_common_tables.o(.rodata.WeightsQ31_512), (4096 bytes).
    Removing arm_common_tables.o(.rodata.cos_factorsQ31_512), (2048 bytes).
    Removing arm_common_tables.o(.rodata.WeightsQ31_2048), (16384 bytes).
    Removing arm_common_tables.o(.rodata.cos_factorsQ31_2048), (8192 bytes).
    Removing arm_common_tables.o(.rodata.WeightsQ31_8192), (65536 bytes).
    Removing arm_common_tables.o(.rodata.cos_factorsQ31_8192), (32768 bytes).
    Removing arm_common_tables.o(.rodata.armRecipTableQ15), (128 bytes).
    Removing arm_common_tables.o(.rodata.armRecipTableQ31), (256 bytes).
    Removing arm_common_tables.o(.rodata.sinTable_f32), (2052 bytes).
    Removing arm_common_tables.o(.rodata.sinTable_q31), (2052 bytes).
    Removing arm_common_tables.o(.rodata.sinTable_q15), (1026 bytes).
    Removing dadd.o(.text), (334 bytes).
    Removing dfixul.o(.text), (48 bytes).
    Removing cdcmple.o(.text), (48 bytes).
    Removing cdrcmple.o(.text), (48 bytes).

553 unused section(s) (total 705062 bytes) removed from the image.

==============================================================================

Image Symbol Table

    Local Symbols

    Symbol Name                              Value     Ov Type        Size  Object(Section)

    ../Core/Src/adc.c                        0x00000000   Number         0  adc.o ABSOLUTE
    ../Core/Src/dma.c                        0x00000000   Number         0  dma.o ABSOLUTE
    ../Core/Src/gpio.c                       0x00000000   Number         0  gpio.o ABSOLUTE
    ../Core/Src/main.c                       0x00000000   Number         0  main.o ABSOLUTE
    ../Core/Src/stm32f4xx_hal_msp.c          0x00000000   Number         0  stm32f4xx_hal_msp.o ABSOLUTE
    ../Core/Src/stm32f4xx_it.c               0x00000000   Number         0  stm32f4xx_it.o ABSOLUTE
    ../Core/Src/system_stm32f4xx.c           0x00000000   Number         0  system_stm32f4xx.o ABSOLUTE
    ../Core/Src/tim.c                        0x00000000   Number         0  tim.o ABSOLUTE
    ../Core/Src/usart.c                      0x00000000   Number         0  usart.o ABSOLUTE
    ../Drivers/STM32F4xx_HAL_Driver/Src/stm32f4xx_hal.c 0x00000000   Number         0  stm32f4xx_hal.o ABSOLUTE
    ../Drivers/STM32F4xx_HAL_Driver/Src/stm32f4xx_hal_adc.c 0x00000000   Number         0  stm32f4xx_hal_adc.o ABSOLUTE
    ../Drivers/STM32F4xx_HAL_Driver/Src/stm32f4xx_hal_adc_ex.c 0x00000000   Number         0  stm32f4xx_hal_adc_ex.o ABSOLUTE
    ../Drivers/STM32F4xx_HAL_Driver/Src/stm32f4xx_hal_cortex.c 0x00000000   Number         0  stm32f4xx_hal_cortex.o ABSOLUTE
    ../Drivers/STM32F4xx_HAL_Driver/Src/stm32f4xx_hal_dma.c 0x00000000   Number         0  stm32f4xx_hal_dma.o ABSOLUTE
    ../Drivers/STM32F4xx_HAL_Driver/Src/stm32f4xx_hal_dma_ex.c 0x00000000   Number         0  stm32f4xx_hal_dma_ex.o ABSOLUTE
    ../Drivers/STM32F4xx_HAL_Driver/Src/stm32f4xx_hal_exti.c 0x00000000   Number         0  stm32f4xx_hal_exti.o ABSOLUTE
    ../Drivers/STM32F4xx_HAL_Driver/Src/stm32f4xx_hal_flash.c 0x00000000   Number         0  stm32f4xx_hal_flash.o ABSOLUTE
    ../Drivers/STM32F4xx_HAL_Driver/Src/stm32f4xx_hal_flash_ex.c 0x00000000   Number         0  stm32f4xx_hal_flash_ex.o ABSOLUTE
    ../Drivers/STM32F4xx_HAL_Driver/Src/stm32f4xx_hal_flash_ramfunc.c 0x00000000   Number         0  stm32f4xx_hal_flash_ramfunc.o ABSOLUTE
    ../Drivers/STM32F4xx_HAL_Driver/Src/stm32f4xx_hal_gpio.c 0x00000000   Number         0  stm32f4xx_hal_gpio.o ABSOLUTE
    ../Drivers/STM32F4xx_HAL_Driver/Src/stm32f4xx_hal_pwr.c 0x00000000   Number         0  stm32f4xx_hal_pwr.o ABSOLUTE
    ../Drivers/STM32F4xx_HAL_Driver/Src/stm32f4xx_hal_pwr_ex.c 0x00000000   Number         0  stm32f4xx_hal_pwr_ex.o ABSOLUTE
    ../Drivers/STM32F4xx_HAL_Driver/Src/stm32f4xx_hal_rcc.c 0x00000000   Number         0  stm32f4xx_hal_rcc.o ABSOLUTE
    ../Drivers/STM32F4xx_HAL_Driver/Src/stm32f4xx_hal_rcc_ex.c 0x00000000   Number         0  stm32f4xx_hal_rcc_ex.o ABSOLUTE
    ../Drivers/STM32F4xx_HAL_Driver/Src/stm32f4xx_hal_tim.c 0x00000000   Number         0  stm32f4xx_hal_tim.o ABSOLUTE
    ../Drivers/STM32F4xx_HAL_Driver/Src/stm32f4xx_hal_tim_ex.c 0x00000000   Number         0  stm32f4xx_hal_tim_ex.o ABSOLUTE
    ../Drivers/STM32F4xx_HAL_Driver/Src/stm32f4xx_hal_uart.c 0x00000000   Number         0  stm32f4xx_hal_uart.o ABSOLUTE
    ../Drivers/STM32F4xx_HAL_Driver/Src/stm32f4xx_ll_adc.c 0x00000000   Number         0  stm32f4xx_ll_adc.o ABSOLUTE
    ../clib/microlib/division.c              0x00000000   Number         0  uldiv.o ABSOLUTE
    ../clib/microlib/division.c              0x00000000   Number         0  uidiv.o ABSOLUTE
    ../clib/microlib/errno.c                 0x00000000   Number         0  errno.o ABSOLUTE
    ../clib/microlib/init/entry.s            0x00000000   Number         0  entry2.o ABSOLUTE
    ../clib/microlib/init/entry.s            0x00000000   Number         0  entry9b.o ABSOLUTE
    ../clib/microlib/init/entry.s            0x00000000   Number         0  entry9a.o ABSOLUTE
    ../clib/microlib/init/entry.s            0x00000000   Number         0  entry8b.o ABSOLUTE
    ../clib/microlib/init/entry.s            0x00000000   Number         0  entry8a.o ABSOLUTE
    ../clib/microlib/init/entry.s            0x00000000   Number         0  entry7a.o ABSOLUTE
    ../clib/microlib/init/entry.s            0x00000000   Number         0  entry.o ABSOLUTE
    ../clib/microlib/init/entry.s            0x00000000   Number         0  entry5.o ABSOLUTE
    ../clib/microlib/init/entry.s            0x00000000   Number         0  entry7b.o ABSOLUTE
    ../clib/microlib/init/entry.s            0x00000000   Number         0  entry11b.o ABSOLUTE
    ../clib/microlib/init/entry.s            0x00000000   Number         0  entry11a.o ABSOLUTE
    ../clib/microlib/init/entry.s            0x00000000   Number         0  entry10b.o ABSOLUTE
    ../clib/microlib/init/entry.s            0x00000000   Number         0  entry10a.o ABSOLUTE
    ../clib/microlib/longlong.c              0x00000000   Number         0  llushr.o ABSOLUTE
    ../clib/microlib/longlong.c              0x00000000   Number         0  llshl.o ABSOLUTE
    ../clib/microlib/longlong.c              0x00000000   Number         0  llsshr.o ABSOLUTE
    ../clib/microlib/printf/printf.c         0x00000000   Number         0  printf0.o ABSOLUTE
    ../clib/microlib/printf/printf.c         0x00000000   Number         0  printf3.o ABSOLUTE
    ../clib/microlib/printf/printf.c         0x00000000   Number         0  printf1.o ABSOLUTE
    ../clib/microlib/printf/printf.c         0x00000000   Number         0  printfa.o ABSOLUTE
    ../clib/microlib/printf/printf.c         0x00000000   Number         0  printf2.o ABSOLUTE
    ../clib/microlib/printf/printf.c         0x00000000   Number         0  printf8.o ABSOLUTE
    ../clib/microlib/printf/printf.c         0x00000000   Number         0  printf6.o ABSOLUTE
    ../clib/microlib/printf/printf.c         0x00000000   Number         0  printf5.o ABSOLUTE
    ../clib/microlib/printf/printf.c         0x00000000   Number         0  printf4.o ABSOLUTE
    ../clib/microlib/printf/printf.c         0x00000000   Number         0  printf7.o ABSOLUTE
    ../clib/microlib/printf/printf.c         0x00000000   Number         0  printfb.o ABSOLUTE
    ../clib/microlib/printf/stubs.s          0x00000000   Number         0  stubs.o ABSOLUTE
    ../clib/microlib/stdio/streams.c         0x00000000   Number         0  stdout.o ABSOLUTE
    ../clib/microlib/string/memset.c         0x00000000   Number         0  memseta.o ABSOLUTE
    ../clib/microlib/stubs.s                 0x00000000   Number         0  iusefp.o ABSOLUTE
    ../fplib/microlib/d2f.c                  0x00000000   Number         0  d2f.o ABSOLUTE
    ../fplib/microlib/f2d.c                  0x00000000   Number         0  f2d.o ABSOLUTE
    ../fplib/microlib/fpadd.c                0x00000000   Number         0  fadd.o ABSOLUTE
    ../fplib/microlib/fpadd.c                0x00000000   Number         0  dadd.o ABSOLUTE
    ../fplib/microlib/fpdiv.c                0x00000000   Number         0  ddiv.o ABSOLUTE
    ../fplib/microlib/fpepilogue.c           0x00000000   Number         0  fepilogue.o ABSOLUTE
    ../fplib/microlib/fpepilogue.c           0x00000000   Number         0  depilogue.o ABSOLUTE
    ../fplib/microlib/fpfix.c                0x00000000   Number         0  dfixul.o ABSOLUTE
    ../fplib/microlib/fpfix.c                0x00000000   Number         0  dfixi.o ABSOLUTE
    ../fplib/microlib/fpmul.c                0x00000000   Number         0  fmul.o ABSOLUTE
    ../fplib/microlib/fpmul.c                0x00000000   Number         0  dmul.o ABSOLUTE
    ../fplib/microlib/fpsqrt.c               0x00000000   Number         0  dsqrt.o ABSOLUTE
    ../mathlib/sqrt.c                        0x00000000   Number         0  sqrt_x.o ABSOLUTE
    ../mathlib/sqrt.c                        0x00000000   Number         0  sqrt.o ABSOLUTE
    ../mathlib/sqrtf.c                       0x00000000   Number         0  sqrtf.o ABSOLUTE
    ../mathlib/sqrtf.c                       0x00000000   Number         0  sqrtf_x.o ABSOLUTE
    ..\Core\Src\adc.c                        0x00000000   Number         0  adc.o ABSOLUTE
    ..\Core\Src\dma.c                        0x00000000   Number         0  dma.o ABSOLUTE
    ..\Core\Src\gpio.c                       0x00000000   Number         0  gpio.o ABSOLUTE
    ..\Core\Src\main.c                       0x00000000   Number         0  main.o ABSOLUTE
    ..\Core\Src\stm32f4xx_hal_msp.c          0x00000000   Number         0  stm32f4xx_hal_msp.o ABSOLUTE
    ..\Core\Src\stm32f4xx_it.c               0x00000000   Number         0  stm32f4xx_it.o ABSOLUTE
    ..\Core\Src\system_stm32f4xx.c           0x00000000   Number         0  system_stm32f4xx.o ABSOLUTE
    ..\Core\Src\tim.c                        0x00000000   Number         0  tim.o ABSOLUTE
    ..\Core\Src\usart.c                      0x00000000   Number         0  usart.o ABSOLUTE
    ..\DSP_Library\Src\fft_calculate.c       0x00000000   Number         0  fft_calculate.o ABSOLUTE
    ..\Drivers\STM32F4xx_HAL_Driver\Src\stm32f4xx_hal.c 0x00000000   Number         0  stm32f4xx_hal.o ABSOLUTE
    ..\Drivers\STM32F4xx_HAL_Driver\Src\stm32f4xx_hal_adc.c 0x00000000   Number         0  stm32f4xx_hal_adc.o ABSOLUTE
    ..\Drivers\STM32F4xx_HAL_Driver\Src\stm32f4xx_hal_adc_ex.c 0x00000000   Number         0  stm32f4xx_hal_adc_ex.o ABSOLUTE
    ..\Drivers\STM32F4xx_HAL_Driver\Src\stm32f4xx_hal_cortex.c 0x00000000   Number         0  stm32f4xx_hal_cortex.o ABSOLUTE
    ..\Drivers\STM32F4xx_HAL_Driver\Src\stm32f4xx_hal_dma.c 0x00000000   Number         0  stm32f4xx_hal_dma.o ABSOLUTE
    ..\Drivers\STM32F4xx_HAL_Driver\Src\stm32f4xx_hal_dma_ex.c 0x00000000   Number         0  stm32f4xx_hal_dma_ex.o ABSOLUTE
    ..\Drivers\STM32F4xx_HAL_Driver\Src\stm32f4xx_hal_exti.c 0x00000000   Number         0  stm32f4xx_hal_exti.o ABSOLUTE
    ..\Drivers\STM32F4xx_HAL_Driver\Src\stm32f4xx_hal_flash.c 0x00000000   Number         0  stm32f4xx_hal_flash.o ABSOLUTE
    ..\Drivers\STM32F4xx_HAL_Driver\Src\stm32f4xx_hal_flash_ex.c 0x00000000   Number         0  stm32f4xx_hal_flash_ex.o ABSOLUTE
    ..\Drivers\STM32F4xx_HAL_Driver\Src\stm32f4xx_hal_flash_ramfunc.c 0x00000000   Number         0  stm32f4xx_hal_flash_ramfunc.o ABSOLUTE
    ..\Drivers\STM32F4xx_HAL_Driver\Src\stm32f4xx_hal_gpio.c 0x00000000   Number         0  stm32f4xx_hal_gpio.o ABSOLUTE
    ..\Drivers\STM32F4xx_HAL_Driver\Src\stm32f4xx_hal_pwr.c 0x00000000   Number         0  stm32f4xx_hal_pwr.o ABSOLUTE
    ..\Drivers\STM32F4xx_HAL_Driver\Src\stm32f4xx_hal_pwr_ex.c 0x00000000   Number         0  stm32f4xx_hal_pwr_ex.o ABSOLUTE
    ..\Drivers\STM32F4xx_HAL_Driver\Src\stm32f4xx_hal_rcc.c 0x00000000   Number         0  stm32f4xx_hal_rcc.o ABSOLUTE
    ..\Drivers\STM32F4xx_HAL_Driver\Src\stm32f4xx_hal_rcc_ex.c 0x00000000   Number         0  stm32f4xx_hal_rcc_ex.o ABSOLUTE
    ..\Drivers\STM32F4xx_HAL_Driver\Src\stm32f4xx_hal_tim.c 0x00000000   Number         0  stm32f4xx_hal_tim.o ABSOLUTE
    ..\Drivers\STM32F4xx_HAL_Driver\Src\stm32f4xx_hal_tim_ex.c 0x00000000   Number         0  stm32f4xx_hal_tim_ex.o ABSOLUTE
    ..\Drivers\STM32F4xx_HAL_Driver\Src\stm32f4xx_hal_uart.c 0x00000000   Number         0  stm32f4xx_hal_uart.o ABSOLUTE
    ..\\DSP_Library\\Src\\fft_calculate.c    0x00000000   Number         0  fft_calculate.o ABSOLUTE
    arm_bitreversal.c                        0x00000000   Number         0  arm_bitreversal.o ABSOLUTE
    arm_cfft_radix4_f32.c                    0x00000000   Number         0  arm_cfft_radix4_f32.o ABSOLUTE
    arm_cfft_radix4_init_f32.c               0x00000000   Number         0  arm_cfft_radix4_init_f32.o ABSOLUTE
    arm_cmplx_mag_f32.c                      0x00000000   Number         0  arm_cmplx_mag_f32.o ABSOLUTE
    arm_common_tables.c                      0x00000000   Number         0  arm_common_tables.o ABSOLUTE
    cdcmple.s                                0x00000000   Number         0  cdcmple.o ABSOLUTE
    cdrcmple.s                               0x00000000   Number         0  cdrcmple.o ABSOLUTE
    dc.s                                     0x00000000   Number         0  dc.o ABSOLUTE
    handlers.s                               0x00000000   Number         0  handlers.o ABSOLUTE
    init.s                                   0x00000000   Number         0  init.o ABSOLUTE
    startup_stm32f401xc.s                    0x00000000   Number         0  startup_stm32f401xc.o ABSOLUTE
    RESET                                    0x08000000   Section      404  startup_stm32f401xc.o(RESET)
    .ARM.Collect$$$$00000000                 0x08000194   Section        0  entry.o(.ARM.Collect$$$$00000000)
    .ARM.Collect$$$$00000001                 0x08000194   Section        4  entry2.o(.ARM.Collect$$$$00000001)
    .ARM.Collect$$$$00000004                 0x08000198   Section        4  entry5.o(.ARM.Collect$$$$00000004)
    .ARM.Collect$$$$00000008                 0x0800019c   Section        0  entry7b.o(.ARM.Collect$$$$00000008)
    .ARM.Collect$$$$0000000A                 0x0800019c   Section        0  entry8b.o(.ARM.Collect$$$$0000000A)
    .ARM.Collect$$$$0000000B                 0x0800019c   Section        8  entry9a.o(.ARM.Collect$$$$0000000B)
    .ARM.Collect$$$$0000000D                 0x080001a4   Section        0  entry10a.o(.ARM.Collect$$$$0000000D)
    .ARM.Collect$$$$0000000F                 0x080001a4   Section        0  entry11a.o(.ARM.Collect$$$$0000000F)
    .ARM.Collect$$$$00002712                 0x080001a4   Section        4  entry2.o(.ARM.Collect$$$$00002712)
    __lit__00000000                          0x080001a4   Data           4  entry2.o(.ARM.Collect$$$$00002712)
    .text                                    0x080001a8   Section       36  startup_stm32f401xc.o(.text)
    $v0                                      0x080001a8   Number         0  startup_stm32f401xc.o(.text)
    .text                                    0x080001cc   Section        0  uldiv.o(.text)
    .text                                    0x0800022e   Section        0  memseta.o(.text)
    .text                                    0x08000252   Section        0  fadd.o(.text)
    .text                                    0x08000302   Section        0  fmul.o(.text)
    .text                                    0x08000366   Section        0  dmul.o(.text)
    .text                                    0x0800044a   Section        0  ddiv.o(.text)
    .text                                    0x08000528   Section        0  dfixi.o(.text)
    .text                                    0x08000566   Section        0  f2d.o(.text)
    .text                                    0x0800058c   Section        0  d2f.o(.text)
    .text                                    0x080005c4   Section        0  uidiv.o(.text)
    .text                                    0x080005f0   Section        0  llshl.o(.text)
    .text                                    0x0800060e   Section        0  llushr.o(.text)
    .text                                    0x0800062e   Section        0  fepilogue.o(.text)
    .text                                    0x0800062e   Section        0  iusefp.o(.text)
    .text                                    0x0800069c   Section        0  depilogue.o(.text)
    .text                                    0x08000756   Section        0  dsqrt.o(.text)
    .text                                    0x080007f8   Section       36  init.o(.text)
    [Anonymous Symbol]                       0x0800081c   Section        0  arm_bitreversal.o(.text.arm_bitreversal_f32)
    [Anonymous Symbol]                       0x080008ca   Section        0  arm_cfft_radix4_f32.o(.text.arm_cfft_radix4_f32)
    [Anonymous Symbol]                       0x0800090c   Section        0  arm_cfft_radix4_init_f32.o(.text.arm_cfft_radix4_init_f32)
    [Anonymous Symbol]                       0x08000988   Section        0  arm_cmplx_mag_f32.o(.text.arm_cmplx_mag_f32)
    [Anonymous Symbol]                       0x08000a70   Section        0  arm_cfft_radix4_f32.o(.text.arm_radix4_butterfly_f32)
    [Anonymous Symbol]                       0x08000fd8   Section        0  arm_cfft_radix4_f32.o(.text.arm_radix4_butterfly_inverse_f32)
    i.ADC_DMAConvCplt                        0x08001572   Section        0  stm32f4xx_hal_adc.o(i.ADC_DMAConvCplt)
    ADC_DMAConvCplt                          0x08001573   Thumb Code   110  stm32f4xx_hal_adc.o(i.ADC_DMAConvCplt)
    i.ADC_DMAError                           0x080015e0   Section        0  stm32f4xx_hal_adc.o(i.ADC_DMAError)
    ADC_DMAError                             0x080015e1   Thumb Code    22  stm32f4xx_hal_adc.o(i.ADC_DMAError)
    i.ADC_DMAHalfConvCplt                    0x080015f6   Section        0  stm32f4xx_hal_adc.o(i.ADC_DMAHalfConvCplt)
    ADC_DMAHalfConvCplt                      0x080015f7   Thumb Code    10  stm32f4xx_hal_adc.o(i.ADC_DMAHalfConvCplt)
    i.ADC_IRQHandler                         0x08001600   Section        0  stm32f4xx_it.o(i.ADC_IRQHandler)
    i.ADC_Init                               0x0800160c   Section        0  stm32f4xx_hal_adc.o(i.ADC_Init)
    ADC_Init                                 0x0800160d   Thumb Code   284  stm32f4xx_hal_adc.o(i.ADC_Init)
    i.BusFault_Handler                       0x08001734   Section        0  stm32f4xx_it.o(i.BusFault_Handler)
    i.DMA2_Stream0_IRQHandler                0x08001738   Section        0  stm32f4xx_it.o(i.DMA2_Stream0_IRQHandler)
    i.DMA_CalcBaseAndBitshift                0x08001744   Section        0  stm32f4xx_hal_dma.o(i.DMA_CalcBaseAndBitshift)
    DMA_CalcBaseAndBitshift                  0x08001745   Thumb Code    34  stm32f4xx_hal_dma.o(i.DMA_CalcBaseAndBitshift)
    i.DMA_CheckFifoParam                     0x0800176c   Section        0  stm32f4xx_hal_dma.o(i.DMA_CheckFifoParam)
    DMA_CheckFifoParam                       0x0800176d   Thumb Code    84  stm32f4xx_hal_dma.o(i.DMA_CheckFifoParam)
    i.DMA_SetConfig                          0x080017c0   Section        0  stm32f4xx_hal_dma.o(i.DMA_SetConfig)
    DMA_SetConfig                            0x080017c1   Thumb Code    40  stm32f4xx_hal_dma.o(i.DMA_SetConfig)
    i.DebugMon_Handler                       0x080017e8   Section        0  stm32f4xx_it.o(i.DebugMon_Handler)
    i.Error_Handler                          0x080017ea   Section        0  main.o(i.Error_Handler)
    i.HAL_ADCEx_InjectedConvCpltCallback     0x080017ee   Section        0  stm32f4xx_hal_adc_ex.o(i.HAL_ADCEx_InjectedConvCpltCallback)
    i.HAL_ADC_ConfigChannel                  0x080017f0   Section        0  stm32f4xx_hal_adc.o(i.HAL_ADC_ConfigChannel)
    i.HAL_ADC_ConvCpltCallback               0x0800193c   Section        0  main.o(i.HAL_ADC_ConvCpltCallback)
    i.HAL_ADC_ConvHalfCpltCallback           0x08001ae8   Section        0  stm32f4xx_hal_adc.o(i.HAL_ADC_ConvHalfCpltCallback)
    i.HAL_ADC_ErrorCallback                  0x08001aea   Section        0  stm32f4xx_hal_adc.o(i.HAL_ADC_ErrorCallback)
    i.HAL_ADC_IRQHandler                     0x08001aec   Section        0  stm32f4xx_hal_adc.o(i.HAL_ADC_IRQHandler)
    i.HAL_ADC_Init                           0x08001c1a   Section        0  stm32f4xx_hal_adc.o(i.HAL_ADC_Init)
    i.HAL_ADC_LevelOutOfWindowCallback       0x08001c6e   Section        0  stm32f4xx_hal_adc.o(i.HAL_ADC_LevelOutOfWindowCallback)
    i.HAL_ADC_MspInit                        0x08001c70   Section        0  adc.o(i.HAL_ADC_MspInit)
    i.HAL_ADC_Start_DMA                      0x08001d18   Section        0  stm32f4xx_hal_adc.o(i.HAL_ADC_Start_DMA)
    i.HAL_ADC_Stop_DMA                       0x08001e3c   Section        0  stm32f4xx_hal_adc.o(i.HAL_ADC_Stop_DMA)
    i.HAL_DMA_Abort                          0x08001ea8   Section        0  stm32f4xx_hal_dma.o(i.HAL_DMA_Abort)
    i.HAL_DMA_Abort_IT                       0x08001f3a   Section        0  stm32f4xx_hal_dma.o(i.HAL_DMA_Abort_IT)
    i.HAL_DMA_IRQHandler                     0x08001f60   Section        0  stm32f4xx_hal_dma.o(i.HAL_DMA_IRQHandler)
    i.HAL_DMA_Init                           0x08002100   Section        0  stm32f4xx_hal_dma.o(i.HAL_DMA_Init)
    i.HAL_DMA_Start_IT                       0x080021d4   Section        0  stm32f4xx_hal_dma.o(i.HAL_DMA_Start_IT)
    i.HAL_GPIO_Init                          0x08002244   Section        0  stm32f4xx_hal_gpio.o(i.HAL_GPIO_Init)
    i.HAL_GPIO_WritePin                      0x08002424   Section        0  stm32f4xx_hal_gpio.o(i.HAL_GPIO_WritePin)
    i.HAL_GetTick                            0x08002430   Section        0  stm32f4xx_hal.o(i.HAL_GetTick)
    i.HAL_IncTick                            0x0800243c   Section        0  stm32f4xx_hal.o(i.HAL_IncTick)
    i.HAL_Init                               0x0800244c   Section        0  stm32f4xx_hal.o(i.HAL_Init)
    i.HAL_InitTick                           0x08002480   Section        0  stm32f4xx_hal.o(i.HAL_InitTick)
    i.HAL_MspInit                            0x080024c0   Section        0  stm32f4xx_hal_msp.o(i.HAL_MspInit)
    i.HAL_NVIC_EnableIRQ                     0x080024f0   Section        0  stm32f4xx_hal_cortex.o(i.HAL_NVIC_EnableIRQ)
    i.HAL_NVIC_SetPriority                   0x0800250c   Section        0  stm32f4xx_hal_cortex.o(i.HAL_NVIC_SetPriority)
    i.HAL_NVIC_SetPriorityGrouping           0x0800254c   Section        0  stm32f4xx_hal_cortex.o(i.HAL_NVIC_SetPriorityGrouping)
    i.HAL_RCC_ClockConfig                    0x08002570   Section        0  stm32f4xx_hal_rcc.o(i.HAL_RCC_ClockConfig)
    i.HAL_RCC_GetPCLK1Freq                   0x080026a4   Section        0  stm32f4xx_hal_rcc.o(i.HAL_RCC_GetPCLK1Freq)
    i.HAL_RCC_GetPCLK2Freq                   0x080026c4   Section        0  stm32f4xx_hal_rcc.o(i.HAL_RCC_GetPCLK2Freq)
    i.HAL_RCC_GetSysClockFreq                0x080026e4   Section        0  stm32f4xx_hal_rcc.o(i.HAL_RCC_GetSysClockFreq)
    i.HAL_RCC_OscConfig                      0x08002748   Section        0  stm32f4xx_hal_rcc.o(i.HAL_RCC_OscConfig)
    i.HAL_SYSTICK_Config                     0x08002ab4   Section        0  stm32f4xx_hal_cortex.o(i.HAL_SYSTICK_Config)
    i.HAL_TIMEx_MasterConfigSynchronization  0x08002adc   Section        0  stm32f4xx_hal_tim_ex.o(i.HAL_TIMEx_MasterConfigSynchronization)
    i.HAL_TIM_Base_Init                      0x08002b58   Section        0  stm32f4xx_hal_tim.o(i.HAL_TIM_Base_Init)
    i.HAL_TIM_Base_MspInit                   0x08002bb4   Section        0  tim.o(i.HAL_TIM_Base_MspInit)
    i.HAL_TIM_Base_Start                     0x08002bdc   Section        0  stm32f4xx_hal_tim.o(i.HAL_TIM_Base_Start)
    i.HAL_TIM_ConfigClockSource              0x08002c40   Section        0  stm32f4xx_hal_tim.o(i.HAL_TIM_ConfigClockSource)
    i.HAL_UARTEx_RxEventCallback             0x08002d1c   Section        0  stm32f4xx_hal_uart.o(i.HAL_UARTEx_RxEventCallback)
    i.HAL_UART_ErrorCallback                 0x08002d1e   Section        0  stm32f4xx_hal_uart.o(i.HAL_UART_ErrorCallback)
    i.HAL_UART_IRQHandler                    0x08002d20   Section        0  stm32f4xx_hal_uart.o(i.HAL_UART_IRQHandler)
    i.HAL_UART_Init                          0x08002f88   Section        0  stm32f4xx_hal_uart.o(i.HAL_UART_Init)
    i.HAL_UART_MspInit                       0x08002fec   Section        0  usart.o(i.HAL_UART_MspInit)
    i.HAL_UART_Receive_IT                    0x08003068   Section        0  stm32f4xx_hal_uart.o(i.HAL_UART_Receive_IT)
    i.HAL_UART_RxCpltCallback                0x08003094   Section        0  main.o(i.HAL_UART_RxCpltCallback)
    i.HAL_UART_Transmit                      0x08003250   Section        0  stm32f4xx_hal_uart.o(i.HAL_UART_Transmit)
    i.HAL_UART_TxCpltCallback                0x08003302   Section        0  stm32f4xx_hal_uart.o(i.HAL_UART_TxCpltCallback)
    i.HardFault_Handler                      0x08003304   Section        0  stm32f4xx_it.o(i.HardFault_Handler)
    i.MX_ADC1_Init                           0x08003308   Section        0  adc.o(i.MX_ADC1_Init)
    i.MX_DMA_Init                            0x08003368   Section        0  dma.o(i.MX_DMA_Init)
    i.MX_GPIO_Init                           0x08003394   Section        0  gpio.o(i.MX_GPIO_Init)
    i.MX_TIM3_Init                           0x08003404   Section        0  tim.o(i.MX_TIM3_Init)
    i.MX_USART1_UART_Init                    0x0800346c   Section        0  usart.o(i.MX_USART1_UART_Init)
    i.MemManage_Handler                      0x080034a4   Section        0  stm32f4xx_it.o(i.MemManage_Handler)
    i.NMI_Handler                            0x080034a6   Section        0  stm32f4xx_it.o(i.NMI_Handler)
    i.PendSV_Handler                         0x080034a8   Section        0  stm32f4xx_it.o(i.PendSV_Handler)
    i.SVC_Handler                            0x080034aa   Section        0  stm32f4xx_it.o(i.SVC_Handler)
    i.SysTick_Handler                        0x080034ac   Section        0  stm32f4xx_it.o(i.SysTick_Handler)
    i.SystemClock_Config                     0x080034b0   Section        0  main.o(i.SystemClock_Config)
    i.SystemInit                             0x08003544   Section        0  system_stm32f4xx.o(i.SystemInit)
    i.TIM_Base_SetConfig                     0x08003554   Section        0  stm32f4xx_hal_tim.o(i.TIM_Base_SetConfig)
    i.TIM_ETR_SetConfig                      0x080035ec   Section        0  stm32f4xx_hal_tim.o(i.TIM_ETR_SetConfig)
    i.TIM_ITRx_SetConfig                     0x08003600   Section        0  stm32f4xx_hal_tim.o(i.TIM_ITRx_SetConfig)
    TIM_ITRx_SetConfig                       0x08003601   Thumb Code    16  stm32f4xx_hal_tim.o(i.TIM_ITRx_SetConfig)
    i.TIM_TI1_ConfigInputStage               0x08003610   Section        0  stm32f4xx_hal_tim.o(i.TIM_TI1_ConfigInputStage)
    TIM_TI1_ConfigInputStage                 0x08003611   Thumb Code    34  stm32f4xx_hal_tim.o(i.TIM_TI1_ConfigInputStage)
    i.TIM_TI2_ConfigInputStage               0x08003632   Section        0  stm32f4xx_hal_tim.o(i.TIM_TI2_ConfigInputStage)
    TIM_TI2_ConfigInputStage                 0x08003633   Thumb Code    36  stm32f4xx_hal_tim.o(i.TIM_TI2_ConfigInputStage)
    i.UART_DMAAbortOnError                   0x08003656   Section        0  stm32f4xx_hal_uart.o(i.UART_DMAAbortOnError)
    UART_DMAAbortOnError                     0x08003657   Thumb Code    16  stm32f4xx_hal_uart.o(i.UART_DMAAbortOnError)
    i.UART_EndRxTransfer                     0x08003666   Section        0  stm32f4xx_hal_uart.o(i.UART_EndRxTransfer)
    UART_EndRxTransfer                       0x08003667   Thumb Code    78  stm32f4xx_hal_uart.o(i.UART_EndRxTransfer)
    i.UART_Receive_IT                        0x080036b4   Section        0  stm32f4xx_hal_uart.o(i.UART_Receive_IT)
    UART_Receive_IT                          0x080036b5   Thumb Code   192  stm32f4xx_hal_uart.o(i.UART_Receive_IT)
    i.UART_SetConfig                         0x08003774   Section        0  stm32f4xx_hal_uart.o(i.UART_SetConfig)
    UART_SetConfig                           0x08003775   Thumb Code   258  stm32f4xx_hal_uart.o(i.UART_SetConfig)
    i.UART_Start_Receive_IT                  0x08003880   Section        0  stm32f4xx_hal_uart.o(i.UART_Start_Receive_IT)
    i.UART_WaitOnFlagUntilTimeout            0x080038ba   Section        0  stm32f4xx_hal_uart.o(i.UART_WaitOnFlagUntilTimeout)
    UART_WaitOnFlagUntilTimeout              0x080038bb   Thumb Code   120  stm32f4xx_hal_uart.o(i.UART_WaitOnFlagUntilTimeout)
    i.USART1_IRQHandler                      0x08003934   Section        0  stm32f4xx_it.o(i.USART1_IRQHandler)
    i.UsageFault_Handler                     0x08003940   Section        0  stm32f4xx_it.o(i.UsageFault_Handler)
    i.__0printf$1                            0x08003944   Section        0  printf1.o(i.__0printf$1)
    i.__NVIC_SetPriority                     0x08003964   Section        0  stm32f4xx_hal_cortex.o(i.__NVIC_SetPriority)
    __NVIC_SetPriority                       0x08003965   Thumb Code    32  stm32f4xx_hal_cortex.o(i.__NVIC_SetPriority)
    i.__hardfp_sqrt                          0x08003984   Section        0  sqrt.o(i.__hardfp_sqrt)
    i.__scatterload_copy                     0x080039fe   Section       14  handlers.o(i.__scatterload_copy)
    i.__scatterload_null                     0x08003a0c   Section        2  handlers.o(i.__scatterload_null)
    i.__scatterload_zeroinit                 0x08003a0e   Section       14  handlers.o(i.__scatterload_zeroinit)
    i.__set_errno                            0x08003a1c   Section        0  errno.o(i.__set_errno)
    i._printf_core                           0x08003a28   Section        0  printf1.o(i._printf_core)
    _printf_core                             0x08003a29   Thumb Code   336  printf1.o(i._printf_core)
    i.fputc                                  0x08003b7c   Section        0  usart.o(i.fputc)
    i.main                                   0x08003b94   Section        0  main.o(i.main)
    i.sqrtf                                  0x08003c04   Section        0  sqrtf.o(i.sqrtf)
    .constdata                               0x08003c42   Section        8  stm32f4xx_hal_dma.o(.constdata)
    flagBitshiftOffset                       0x08003c42   Data           8  stm32f4xx_hal_dma.o(.constdata)
    .constdata                               0x08003c4a   Section       16  system_stm32f4xx.o(.constdata)
    .constdata                               0x08003c5a   Section        8  system_stm32f4xx.o(.constdata)
    .data                                    0x20000000   Section       24  main.o(.data)
    .data                                    0x20000018   Section       12  stm32f4xx_hal.o(.data)
    .data                                    0x20000024   Section        4  system_stm32f4xx.o(.data)
    .data                                    0x20000028   Section        4  stdout.o(.data)
    .data                                    0x2000002c   Section        4  errno.o(.data)
    _errno                                   0x2000002c   Data           4  errno.o(.data)
    .bss                                     0x20000030   Section    14812  main.o(.bss)
    .bss                                     0x20003a0c   Section      168  adc.o(.bss)
    .bss                                     0x20003ab4   Section       72  tim.o(.bss)
    .bss                                     0x20003afc   Section       68  usart.o(.bss)
    STACK                                    0x20003b40   Section     1024  startup_stm32f401xc.o(STACK)

    Global Symbols

    Symbol Name                              Value     Ov Type        Size  Object(Section)

    BuildAttributes$$THM_ISAv4$E$P$D$K$B$S$7EM$VFPi3$EXTD16$VFPS$VFMA$PE$A:L22UL41UL21$X:L11$S22US41US21$IEEE1$IW$USESV6$~STKCKD$USESV7$~SHL$OTIME$ROPI$IEEEJ$EBA8$MICROLIB$REQ8$PRES8$EABIv2 0x00000000   Number         0  anon$$obj.o ABSOLUTE
    __ARM_use_no_argv                        0x00000000   Number         0  main.o ABSOLUTE
    _printf_a                                0x00000000   Number         0  stubs.o ABSOLUTE
    _printf_c                                0x00000000   Number         0  stubs.o ABSOLUTE
    _printf_charcount                        0x00000000   Number         0  stubs.o ABSOLUTE
    _printf_d                                0x00000000   Number         0  stubs.o ABSOLUTE
    _printf_e                                0x00000000   Number         0  stubs.o ABSOLUTE
    _printf_f                                0x00000000   Number         0  stubs.o ABSOLUTE
    _printf_flags                            0x00000000   Number         0  stubs.o ABSOLUTE
    _printf_fp_dec                           0x00000000   Number         0  stubs.o ABSOLUTE
    _printf_fp_hex                           0x00000000   Number         0  stubs.o ABSOLUTE
    _printf_g                                0x00000000   Number         0  stubs.o ABSOLUTE
    _printf_i                                0x00000000   Number         0  stubs.o ABSOLUTE
    _printf_int_dec                          0x00000000   Number         0  stubs.o ABSOLUTE
    _printf_l                                0x00000000   Number         0  stubs.o ABSOLUTE
    _printf_lc                               0x00000000   Number         0  stubs.o ABSOLUTE
    _printf_ll                               0x00000000   Number         0  stubs.o ABSOLUTE
    _printf_lld                              0x00000000   Number         0  stubs.o ABSOLUTE
    _printf_lli                              0x00000000   Number         0  stubs.o ABSOLUTE
    _printf_llo                              0x00000000   Number         0  stubs.o ABSOLUTE
    _printf_llu                              0x00000000   Number         0  stubs.o ABSOLUTE
    _printf_llx                              0x00000000   Number         0  stubs.o ABSOLUTE
    _printf_longlong_dec                     0x00000000   Number         0  stubs.o ABSOLUTE
    _printf_longlong_hex                     0x00000000   Number         0  stubs.o ABSOLUTE
    _printf_longlong_oct                     0x00000000   Number         0  stubs.o ABSOLUTE
    _printf_ls                               0x00000000   Number         0  stubs.o ABSOLUTE
    _printf_mbtowc                           0x00000000   Number         0  stubs.o ABSOLUTE
    _printf_n                                0x00000000   Number         0  stubs.o ABSOLUTE
    _printf_o                                0x00000000   Number         0  stubs.o ABSOLUTE
    _printf_p                                0x00000000   Number         0  stubs.o ABSOLUTE
    _printf_percent                          0x00000000   Number         0  stubs.o ABSOLUTE
    _printf_pre_padding                      0x00000000   Number         0  stubs.o ABSOLUTE
    _printf_return_value                     0x00000000   Number         0  stubs.o ABSOLUTE
    _printf_s                                0x00000000   Number         0  stubs.o ABSOLUTE
    _printf_sizespec                         0x00000000   Number         0  stubs.o ABSOLUTE
    _printf_str                              0x00000000   Number         0  stubs.o ABSOLUTE
    _printf_truncate_signed                  0x00000000   Number         0  stubs.o ABSOLUTE
    _printf_truncate_unsigned                0x00000000   Number         0  stubs.o ABSOLUTE
    _printf_u                                0x00000000   Number         0  stubs.o ABSOLUTE
    _printf_wc                               0x00000000   Number         0  stubs.o ABSOLUTE
    _printf_wctomb                           0x00000000   Number         0  stubs.o ABSOLUTE
    _printf_widthprec                        0x00000000   Number         0  stubs.o ABSOLUTE
    _printf_x                                0x00000000   Number         0  stubs.o ABSOLUTE
    __cpp_initialize__aeabi_                  - Undefined Weak Reference
    __cxa_finalize                            - Undefined Weak Reference
    __decompress                              - Undefined Weak Reference
    _clock_init                               - Undefined Weak Reference
    _microlib_exit                            - Undefined Weak Reference
    __Vectors_Size                           0x00000194   Number         0  startup_stm32f401xc.o ABSOLUTE
    __Vectors                                0x08000000   Data           4  startup_stm32f401xc.o(RESET)
    __Vectors_End                            0x08000194   Data           0  startup_stm32f401xc.o(RESET)
    __main                                   0x08000195   Thumb Code     0  entry.o(.ARM.Collect$$$$00000000)
    _main_stk                                0x08000195   Thumb Code     0  entry2.o(.ARM.Collect$$$$00000001)
    _main_scatterload                        0x08000199   Thumb Code     0  entry5.o(.ARM.Collect$$$$00000004)
    __main_after_scatterload                 0x0800019d   Thumb Code     0  entry5.o(.ARM.Collect$$$$00000004)
    _main_clock                              0x0800019d   Thumb Code     0  entry7b.o(.ARM.Collect$$$$00000008)
    _main_cpp_init                           0x0800019d   Thumb Code     0  entry8b.o(.ARM.Collect$$$$0000000A)
    _main_init                               0x0800019d   Thumb Code     0  entry9a.o(.ARM.Collect$$$$0000000B)
    __rt_final_cpp                           0x080001a5   Thumb Code     0  entry10a.o(.ARM.Collect$$$$0000000D)
    __rt_final_exit                          0x080001a5   Thumb Code     0  entry11a.o(.ARM.Collect$$$$0000000F)
    Reset_Handler                            0x080001a9   Thumb Code     8  startup_stm32f401xc.o(.text)
    DMA1_Stream0_IRQHandler                  0x080001c3   Thumb Code     0  startup_stm32f401xc.o(.text)
    DMA1_Stream1_IRQHandler                  0x080001c3   Thumb Code     0  startup_stm32f401xc.o(.text)
    DMA1_Stream2_IRQHandler                  0x080001c3   Thumb Code     0  startup_stm32f401xc.o(.text)
    DMA1_Stream3_IRQHandler                  0x080001c3   Thumb Code     0  startup_stm32f401xc.o(.text)
    DMA1_Stream4_IRQHandler                  0x080001c3   Thumb Code     0  startup_stm32f401xc.o(.text)
    DMA1_Stream5_IRQHandler                  0x080001c3   Thumb Code     0  startup_stm32f401xc.o(.text)
    DMA1_Stream6_IRQHandler                  0x080001c3   Thumb Code     0  startup_stm32f401xc.o(.text)
    DMA1_Stream7_IRQHandler                  0x080001c3   Thumb Code     0  startup_stm32f401xc.o(.text)
    DMA2_Stream1_IRQHandler                  0x080001c3   Thumb Code     0  startup_stm32f401xc.o(.text)
    DMA2_Stream2_IRQHandler                  0x080001c3   Thumb Code     0  startup_stm32f401xc.o(.text)
    DMA2_Stream3_IRQHandler                  0x080001c3   Thumb Code     0  startup_stm32f401xc.o(.text)
    DMA2_Stream4_IRQHandler                  0x080001c3   Thumb Code     0  startup_stm32f401xc.o(.text)
    DMA2_Stream5_IRQHandler                  0x080001c3   Thumb Code     0  startup_stm32f401xc.o(.text)
    DMA2_Stream6_IRQHandler                  0x080001c3   Thumb Code     0  startup_stm32f401xc.o(.text)
    DMA2_Stream7_IRQHandler                  0x080001c3   Thumb Code     0  startup_stm32f401xc.o(.text)
    EXTI0_IRQHandler                         0x080001c3   Thumb Code     0  startup_stm32f401xc.o(.text)
    EXTI15_10_IRQHandler                     0x080001c3   Thumb Code     0  startup_stm32f401xc.o(.text)
    EXTI1_IRQHandler                         0x080001c3   Thumb Code     0  startup_stm32f401xc.o(.text)
    EXTI2_IRQHandler                         0x080001c3   Thumb Code     0  startup_stm32f401xc.o(.text)
    EXTI3_IRQHandler                         0x080001c3   Thumb Code     0  startup_stm32f401xc.o(.text)
    EXTI4_IRQHandler                         0x080001c3   Thumb Code     0  startup_stm32f401xc.o(.text)
    EXTI9_5_IRQHandler                       0x080001c3   Thumb Code     0  startup_stm32f401xc.o(.text)
    FLASH_IRQHandler                         0x080001c3   Thumb Code     0  startup_stm32f401xc.o(.text)
    FPU_IRQHandler                           0x080001c3   Thumb Code     0  startup_stm32f401xc.o(.text)
    I2C1_ER_IRQHandler                       0x080001c3   Thumb Code     0  startup_stm32f401xc.o(.text)
    I2C1_EV_IRQHandler                       0x080001c3   Thumb Code     0  startup_stm32f401xc.o(.text)
    I2C2_ER_IRQHandler                       0x080001c3   Thumb Code     0  startup_stm32f401xc.o(.text)
    I2C2_EV_IRQHandler                       0x080001c3   Thumb Code     0  startup_stm32f401xc.o(.text)
    I2C3_ER_IRQHandler                       0x080001c3   Thumb Code     0  startup_stm32f401xc.o(.text)
    I2C3_EV_IRQHandler                       0x080001c3   Thumb Code     0  startup_stm32f401xc.o(.text)
    OTG_FS_IRQHandler                        0x080001c3   Thumb Code     0  startup_stm32f401xc.o(.text)
    OTG_FS_WKUP_IRQHandler                   0x080001c3   Thumb Code     0  startup_stm32f401xc.o(.text)
    PVD_IRQHandler                           0x080001c3   Thumb Code     0  startup_stm32f401xc.o(.text)
    RCC_IRQHandler                           0x080001c3   Thumb Code     0  startup_stm32f401xc.o(.text)
    RTC_Alarm_IRQHandler                     0x080001c3   Thumb Code     0  startup_stm32f401xc.o(.text)
    RTC_WKUP_IRQHandler                      0x080001c3   Thumb Code     0  startup_stm32f401xc.o(.text)
    SDIO_IRQHandler                          0x080001c3   Thumb Code     0  startup_stm32f401xc.o(.text)
    SPI1_IRQHandler                          0x080001c3   Thumb Code     0  startup_stm32f401xc.o(.text)
    SPI2_IRQHandler                          0x080001c3   Thumb Code     0  startup_stm32f401xc.o(.text)
    SPI3_IRQHandler                          0x080001c3   Thumb Code     0  startup_stm32f401xc.o(.text)
    SPI4_IRQHandler                          0x080001c3   Thumb Code     0  startup_stm32f401xc.o(.text)
    TAMP_STAMP_IRQHandler                    0x080001c3   Thumb Code     0  startup_stm32f401xc.o(.text)
    TIM1_BRK_TIM9_IRQHandler                 0x080001c3   Thumb Code     0  startup_stm32f401xc.o(.text)
    TIM1_CC_IRQHandler                       0x080001c3   Thumb Code     0  startup_stm32f401xc.o(.text)
    TIM1_TRG_COM_TIM11_IRQHandler            0x080001c3   Thumb Code     0  startup_stm32f401xc.o(.text)
    TIM1_UP_TIM10_IRQHandler                 0x080001c3   Thumb Code     0  startup_stm32f401xc.o(.text)
    TIM2_IRQHandler                          0x080001c3   Thumb Code     0  startup_stm32f401xc.o(.text)
    TIM3_IRQHandler                          0x080001c3   Thumb Code     0  startup_stm32f401xc.o(.text)
    TIM4_IRQHandler                          0x080001c3   Thumb Code     0  startup_stm32f401xc.o(.text)
    TIM5_IRQHandler                          0x080001c3   Thumb Code     0  startup_stm32f401xc.o(.text)
    USART2_IRQHandler                        0x080001c3   Thumb Code     0  startup_stm32f401xc.o(.text)
    USART6_IRQHandler                        0x080001c3   Thumb Code     0  startup_stm32f401xc.o(.text)
    WWDG_IRQHandler                          0x080001c3   Thumb Code     0  startup_stm32f401xc.o(.text)
    __aeabi_uldivmod                         0x080001cd   Thumb Code    98  uldiv.o(.text)
    __aeabi_memset                           0x0800022f   Thumb Code    14  memseta.o(.text)
    __aeabi_memset4                          0x0800022f   Thumb Code     0  memseta.o(.text)
    __aeabi_memset8                          0x0800022f   Thumb Code     0  memseta.o(.text)
    __aeabi_memclr                           0x0800023d   Thumb Code     4  memseta.o(.text)
    __aeabi_memclr4                          0x0800023d   Thumb Code     0  memseta.o(.text)
    __aeabi_memclr8                          0x0800023d   Thumb Code     0  memseta.o(.text)
    _memset$wrapper                          0x08000241   Thumb Code    18  memseta.o(.text)
    __aeabi_fadd                             0x08000253   Thumb Code   164  fadd.o(.text)
    __aeabi_fsub                             0x080002f7   Thumb Code     6  fadd.o(.text)
    __aeabi_frsub                            0x080002fd   Thumb Code     6  fadd.o(.text)
    __aeabi_fmul                             0x08000303   Thumb Code   100  fmul.o(.text)
    __aeabi_dmul                             0x08000367   Thumb Code   228  dmul.o(.text)
    __aeabi_ddiv                             0x0800044b   Thumb Code   222  ddiv.o(.text)
    __aeabi_d2iz                             0x08000529   Thumb Code    62  dfixi.o(.text)
    __aeabi_f2d                              0x08000567   Thumb Code    38  f2d.o(.text)
    __aeabi_d2f                              0x0800058d   Thumb Code    56  d2f.o(.text)
    __aeabi_uidiv                            0x080005c5   Thumb Code     0  uidiv.o(.text)
    __aeabi_uidivmod                         0x080005c5   Thumb Code    44  uidiv.o(.text)
    __aeabi_llsl                             0x080005f1   Thumb Code    30  llshl.o(.text)
    _ll_shift_l                              0x080005f1   Thumb Code     0  llshl.o(.text)
    __aeabi_llsr                             0x0800060f   Thumb Code    32  llushr.o(.text)
    _ll_ushift_r                             0x0800060f   Thumb Code     0  llushr.o(.text)
    __I$use$fp                               0x0800062f   Thumb Code     0  iusefp.o(.text)
    _float_round                             0x0800062f   Thumb Code    18  fepilogue.o(.text)
    _float_epilogue                          0x08000641   Thumb Code    92  fepilogue.o(.text)
    _double_round                            0x0800069d   Thumb Code    30  depilogue.o(.text)
    _double_epilogue                         0x080006bb   Thumb Code   156  depilogue.o(.text)
    _dsqrt                                   0x08000757   Thumb Code   162  dsqrt.o(.text)
    __scatterload                            0x080007f9   Thumb Code    28  init.o(.text)
    __scatterload_rt2                        0x080007f9   Thumb Code     0  init.o(.text)
    arm_bitreversal_f32                      0x0800081d   Thumb Code   174  arm_bitreversal.o(.text.arm_bitreversal_f32)
    arm_cfft_radix4_f32                      0x080008cb   Thumb Code    66  arm_cfft_radix4_f32.o(.text.arm_cfft_radix4_f32)
    arm_cfft_radix4_init_f32                 0x0800090d   Thumb Code   124  arm_cfft_radix4_init_f32.o(.text.arm_cfft_radix4_init_f32)
    arm_cmplx_mag_f32                        0x08000989   Thumb Code   232  arm_cmplx_mag_f32.o(.text.arm_cmplx_mag_f32)
    arm_radix4_butterfly_f32                 0x08000a71   Thumb Code  1384  arm_cfft_radix4_f32.o(.text.arm_radix4_butterfly_f32)
    arm_radix4_butterfly_inverse_f32         0x08000fd9   Thumb Code  1434  arm_cfft_radix4_f32.o(.text.arm_radix4_butterfly_inverse_f32)
    ADC_IRQHandler                           0x08001601   Thumb Code     6  stm32f4xx_it.o(i.ADC_IRQHandler)
    BusFault_Handler                         0x08001735   Thumb Code     2  stm32f4xx_it.o(i.BusFault_Handler)
    DMA2_Stream0_IRQHandler                  0x08001739   Thumb Code     6  stm32f4xx_it.o(i.DMA2_Stream0_IRQHandler)
    DebugMon_Handler                         0x080017e9   Thumb Code     2  stm32f4xx_it.o(i.DebugMon_Handler)
    Error_Handler                            0x080017eb   Thumb Code     4  main.o(i.Error_Handler)
    HAL_ADCEx_InjectedConvCpltCallback       0x080017ef   Thumb Code     2  stm32f4xx_hal_adc_ex.o(i.HAL_ADCEx_InjectedConvCpltCallback)
    HAL_ADC_ConfigChannel                    0x080017f1   Thumb Code   316  stm32f4xx_hal_adc.o(i.HAL_ADC_ConfigChannel)
    HAL_ADC_ConvCpltCallback                 0x0800193d   Thumb Code   346  main.o(i.HAL_ADC_ConvCpltCallback)
    HAL_ADC_ConvHalfCpltCallback             0x08001ae9   Thumb Code     2  stm32f4xx_hal_adc.o(i.HAL_ADC_ConvHalfCpltCallback)
    HAL_ADC_ErrorCallback                    0x08001aeb   Thumb Code     2  stm32f4xx_hal_adc.o(i.HAL_ADC_ErrorCallback)
    HAL_ADC_IRQHandler                       0x08001aed   Thumb Code   302  stm32f4xx_hal_adc.o(i.HAL_ADC_IRQHandler)
    HAL_ADC_Init                             0x08001c1b   Thumb Code    84  stm32f4xx_hal_adc.o(i.HAL_ADC_Init)
    HAL_ADC_LevelOutOfWindowCallback         0x08001c6f   Thumb Code     2  stm32f4xx_hal_adc.o(i.HAL_ADC_LevelOutOfWindowCallback)
    HAL_ADC_MspInit                          0x08001c71   Thumb Code   148  adc.o(i.HAL_ADC_MspInit)
    HAL_ADC_Start_DMA                        0x08001d19   Thumb Code   262  stm32f4xx_hal_adc.o(i.HAL_ADC_Start_DMA)
    HAL_ADC_Stop_DMA                         0x08001e3d   Thumb Code   108  stm32f4xx_hal_adc.o(i.HAL_ADC_Stop_DMA)
    HAL_DMA_Abort                            0x08001ea9   Thumb Code   146  stm32f4xx_hal_dma.o(i.HAL_DMA_Abort)
    HAL_DMA_Abort_IT                         0x08001f3b   Thumb Code    36  stm32f4xx_hal_dma.o(i.HAL_DMA_Abort_IT)
    HAL_DMA_IRQHandler                       0x08001f61   Thumb Code   412  stm32f4xx_hal_dma.o(i.HAL_DMA_IRQHandler)
    HAL_DMA_Init                             0x08002101   Thumb Code   206  stm32f4xx_hal_dma.o(i.HAL_DMA_Init)
    HAL_DMA_Start_IT                         0x080021d5   Thumb Code   110  stm32f4xx_hal_dma.o(i.HAL_DMA_Start_IT)
    HAL_GPIO_Init                            0x08002245   Thumb Code   446  stm32f4xx_hal_gpio.o(i.HAL_GPIO_Init)
    HAL_GPIO_WritePin                        0x08002425   Thumb Code    10  stm32f4xx_hal_gpio.o(i.HAL_GPIO_WritePin)
    HAL_GetTick                              0x08002431   Thumb Code     6  stm32f4xx_hal.o(i.HAL_GetTick)
    HAL_IncTick                              0x0800243d   Thumb Code    12  stm32f4xx_hal.o(i.HAL_IncTick)
    HAL_Init                                 0x0800244d   Thumb Code    48  stm32f4xx_hal.o(i.HAL_Init)
    HAL_InitTick                             0x08002481   Thumb Code    54  stm32f4xx_hal.o(i.HAL_InitTick)
    HAL_MspInit                              0x080024c1   Thumb Code    42  stm32f4xx_hal_msp.o(i.HAL_MspInit)
    HAL_NVIC_EnableIRQ                       0x080024f1   Thumb Code    26  stm32f4xx_hal_cortex.o(i.HAL_NVIC_EnableIRQ)
    HAL_NVIC_SetPriority                     0x0800250d   Thumb Code    60  stm32f4xx_hal_cortex.o(i.HAL_NVIC_SetPriority)
    HAL_NVIC_SetPriorityGrouping             0x0800254d   Thumb Code    26  stm32f4xx_hal_cortex.o(i.HAL_NVIC_SetPriorityGrouping)
    HAL_RCC_ClockConfig                      0x08002571   Thumb Code   288  stm32f4xx_hal_rcc.o(i.HAL_RCC_ClockConfig)
    HAL_RCC_GetPCLK1Freq                     0x080026a5   Thumb Code    20  stm32f4xx_hal_rcc.o(i.HAL_RCC_GetPCLK1Freq)
    HAL_RCC_GetPCLK2Freq                     0x080026c5   Thumb Code    20  stm32f4xx_hal_rcc.o(i.HAL_RCC_GetPCLK2Freq)
    HAL_RCC_GetSysClockFreq                  0x080026e5   Thumb Code    88  stm32f4xx_hal_rcc.o(i.HAL_RCC_GetSysClockFreq)
    HAL_RCC_OscConfig                        0x08002749   Thumb Code   856  stm32f4xx_hal_rcc.o(i.HAL_RCC_OscConfig)
    HAL_SYSTICK_Config                       0x08002ab5   Thumb Code    40  stm32f4xx_hal_cortex.o(i.HAL_SYSTICK_Config)
    HAL_TIMEx_MasterConfigSynchronization    0x08002add   Thumb Code   104  stm32f4xx_hal_tim_ex.o(i.HAL_TIMEx_MasterConfigSynchronization)
    HAL_TIM_Base_Init                        0x08002b59   Thumb Code    90  stm32f4xx_hal_tim.o(i.HAL_TIM_Base_Init)
    HAL_TIM_Base_MspInit                     0x08002bb5   Thumb Code    30  tim.o(i.HAL_TIM_Base_MspInit)
    HAL_TIM_Base_Start                       0x08002bdd   Thumb Code    78  stm32f4xx_hal_tim.o(i.HAL_TIM_Base_Start)
    HAL_TIM_ConfigClockSource                0x08002c41   Thumb Code   220  stm32f4xx_hal_tim.o(i.HAL_TIM_ConfigClockSource)
    HAL_UARTEx_RxEventCallback               0x08002d1d   Thumb Code     2  stm32f4xx_hal_uart.o(i.HAL_UARTEx_RxEventCallback)
    HAL_UART_ErrorCallback                   0x08002d1f   Thumb Code     2  stm32f4xx_hal_uart.o(i.HAL_UART_ErrorCallback)
    HAL_UART_IRQHandler                      0x08002d21   Thumb Code   610  stm32f4xx_hal_uart.o(i.HAL_UART_IRQHandler)
    HAL_UART_Init                            0x08002f89   Thumb Code    98  stm32f4xx_hal_uart.o(i.HAL_UART_Init)
    HAL_UART_MspInit                         0x08002fed   Thumb Code   110  usart.o(i.HAL_UART_MspInit)
    HAL_UART_Receive_IT                      0x08003069   Thumb Code    42  stm32f4xx_hal_uart.o(i.HAL_UART_Receive_IT)
    HAL_UART_RxCpltCallback                  0x08003095   Thumb Code   418  main.o(i.HAL_UART_RxCpltCallback)
    HAL_UART_Transmit                        0x08003251   Thumb Code   178  stm32f4xx_hal_uart.o(i.HAL_UART_Transmit)
    HAL_UART_TxCpltCallback                  0x08003303   Thumb Code     2  stm32f4xx_hal_uart.o(i.HAL_UART_TxCpltCallback)
    HardFault_Handler                        0x08003305   Thumb Code     2  stm32f4xx_it.o(i.HardFault_Handler)
    MX_ADC1_Init                             0x08003309   Thumb Code    88  adc.o(i.MX_ADC1_Init)
    MX_DMA_Init                              0x08003369   Thumb Code    40  dma.o(i.MX_DMA_Init)
    MX_GPIO_Init                             0x08003395   Thumb Code   102  gpio.o(i.MX_GPIO_Init)
    MX_TIM3_Init                             0x08003405   Thumb Code    94  tim.o(i.MX_TIM3_Init)
    MX_USART1_UART_Init                      0x0800346d   Thumb Code    48  usart.o(i.MX_USART1_UART_Init)
    MemManage_Handler                        0x080034a5   Thumb Code     2  stm32f4xx_it.o(i.MemManage_Handler)
    NMI_Handler                              0x080034a7   Thumb Code     2  stm32f4xx_it.o(i.NMI_Handler)
    PendSV_Handler                           0x080034a9   Thumb Code     2  stm32f4xx_it.o(i.PendSV_Handler)
    SVC_Handler                              0x080034ab   Thumb Code     2  stm32f4xx_it.o(i.SVC_Handler)
    SysTick_Handler                          0x080034ad   Thumb Code     4  stm32f4xx_it.o(i.SysTick_Handler)
    SystemClock_Config                       0x080034b1   Thumb Code   140  main.o(i.SystemClock_Config)
    SystemInit                               0x08003545   Thumb Code    12  system_stm32f4xx.o(i.SystemInit)
    TIM_Base_SetConfig                       0x08003555   Thumb Code   122  stm32f4xx_hal_tim.o(i.TIM_Base_SetConfig)
    TIM_ETR_SetConfig                        0x080035ed   Thumb Code    20  stm32f4xx_hal_tim.o(i.TIM_ETR_SetConfig)
    UART_Start_Receive_IT                    0x08003881   Thumb Code    58  stm32f4xx_hal_uart.o(i.UART_Start_Receive_IT)
    USART1_IRQHandler                        0x08003935   Thumb Code     6  stm32f4xx_it.o(i.USART1_IRQHandler)
    UsageFault_Handler                       0x08003941   Thumb Code     2  stm32f4xx_it.o(i.UsageFault_Handler)
    __0printf$1                              0x08003945   Thumb Code    22  printf1.o(i.__0printf$1)
    __1printf$1                              0x08003945   Thumb Code     0  printf1.o(i.__0printf$1)
    __2printf                                0x08003945   Thumb Code     0  printf1.o(i.__0printf$1)
    __hardfp_sqrt                            0x08003985   Thumb Code   122  sqrt.o(i.__hardfp_sqrt)
    __scatterload_copy                       0x080039ff   Thumb Code    14  handlers.o(i.__scatterload_copy)
    __scatterload_null                       0x08003a0d   Thumb Code     2  handlers.o(i.__scatterload_null)
    __scatterload_zeroinit                   0x08003a0f   Thumb Code    14  handlers.o(i.__scatterload_zeroinit)
    __set_errno                              0x08003a1d   Thumb Code     6  errno.o(i.__set_errno)
    fputc                                    0x08003b7d   Thumb Code    20  usart.o(i.fputc)
    main                                     0x08003b95   Thumb Code    82  main.o(i.main)
    sqrtf                                    0x08003c05   Thumb Code    62  sqrtf.o(i.sqrtf)
    AHBPrescTable                            0x08003c4a   Data          16  system_stm32f4xx.o(.constdata)
    APBPrescTable                            0x08003c5a   Data           8  system_stm32f4xx.o(.constdata)
    armBitRevTable                           0x08003c62   Data        2048  arm_common_tables.o(.rodata.armBitRevTable)
    twiddleCoef_4096                         0x08004464   Data       32768  arm_common_tables.o(.rodata.twiddleCoef_4096)
    Region$$Table$$Base                      0x0800c464   Number         0  anon$$obj.o(Region$$Table)
    Region$$Table$$Limit                     0x0800c484   Number         0  anon$$obj.o(Region$$Table)
    Uart1_Rx_Cnt                             0x20000000   Data           1  main.o(.data)
    aRxBuffer                                0x20000001   Data           1  main.o(.data)
    i                                        0x20000004   Data           4  main.o(.data)
    THD_Tx                                   0x20000008   Data           4  main.o(.data)
    THD                                      0x20000010   Data           8  main.o(.data)
    uwTickFreq                               0x20000018   Data           1  stm32f4xx_hal.o(.data)
    uwTickPrio                               0x2000001c   Data           4  stm32f4xx_hal.o(.data)
    uwTick                                   0x20000020   Data           4  stm32f4xx_hal.o(.data)
    SystemCoreClock                          0x20000024   Data           4  system_stm32f4xx.o(.data)
    __stdout                                 0x20000028   Data           4  stdout.o(.data)
    temp                                     0x20000030   Data         200  main.o(.bss)
    res_buffer                               0x200000f8   Data        2048  main.o(.bss)
    fft_inputbuf                             0x200008f8   Data        8192  main.o(.bss)
    fft_outputbuf                            0x200028f8   Data        4096  main.o(.bss)
    scfft                                    0x200038f8   Data          20  main.o(.bss)
    RxBuffer                                 0x2000390c   Data         256  main.o(.bss)
    hadc1                                    0x20003a0c   Data          72  adc.o(.bss)
    hdma_adc1                                0x20003a54   Data          96  adc.o(.bss)
    htim3                                    0x20003ab4   Data          72  tim.o(.bss)
    huart1                                   0x20003afc   Data          68  usart.o(.bss)
    __initial_sp                             0x20003f40   Data           0  startup_stm32f401xc.o(STACK)



==============================================================================

Memory Map of the image

  Image Entry point : 0x08000195

  Load Region LR_IROM1 (Base: 0x08000000, Size: 0x0000c4b4, Max: 0x00040000, ABSOLUTE)

    Execution Region ER_IROM1 (Base: 0x08000000, Size: 0x0000c484, Max: 0x00040000, ABSOLUTE)

    Base Addr    Size         Type   Attr      Idx    E Section Name        Object

    0x08000000   0x00000194   Data   RO            3    RESET               startup_stm32f401xc.o
    0x08000194   0x00000000   Code   RO         3523  * .ARM.Collect$$$$00000000  mc_w.l(entry.o)
    0x08000194   0x00000004   Code   RO         3805    .ARM.Collect$$$$00000001  mc_w.l(entry2.o)
    0x08000198   0x00000004   Code   RO         3808    .ARM.Collect$$$$00000004  mc_w.l(entry5.o)
    0x0800019c   0x00000000   Code   RO         3810    .ARM.Collect$$$$00000008  mc_w.l(entry7b.o)
    0x0800019c   0x00000000   Code   RO         3812    .ARM.Collect$$$$0000000A  mc_w.l(entry8b.o)
    0x0800019c   0x00000008   Code   RO         3813    .ARM.Collect$$$$0000000B  mc_w.l(entry9a.o)
    0x080001a4   0x00000000   Code   RO         3815    .ARM.Collect$$$$0000000D  mc_w.l(entry10a.o)
    0x080001a4   0x00000000   Code   RO         3817    .ARM.Collect$$$$0000000F  mc_w.l(entry11a.o)
    0x080001a4   0x00000004   Code   RO         3806    .ARM.Collect$$$$00002712  mc_w.l(entry2.o)
    0x080001a8   0x00000024   Code   RO            4    .text               startup_stm32f401xc.o
    0x080001cc   0x00000062   Code   RO         3526    .text               mc_w.l(uldiv.o)
    0x0800022e   0x00000024   Code   RO         3528    .text               mc_w.l(memseta.o)
    0x08000252   0x000000b0   Code   RO         3791    .text               mf_w.l(fadd.o)
    0x08000302   0x00000064   Code   RO         3793    .text               mf_w.l(fmul.o)
    0x08000366   0x000000e4   Code   RO         3795    .text               mf_w.l(dmul.o)
    0x0800044a   0x000000de   Code   RO         3797    .text               mf_w.l(ddiv.o)
    0x08000528   0x0000003e   Code   RO         3799    .text               mf_w.l(dfixi.o)
    0x08000566   0x00000026   Code   RO         3801    .text               mf_w.l(f2d.o)
    0x0800058c   0x00000038   Code   RO         3803    .text               mf_w.l(d2f.o)
    0x080005c4   0x0000002c   Code   RO         3820    .text               mc_w.l(uidiv.o)
    0x080005f0   0x0000001e   Code   RO         3822    .text               mc_w.l(llshl.o)
    0x0800060e   0x00000020   Code   RO         3824    .text               mc_w.l(llushr.o)
    0x0800062e   0x00000000   Code   RO         3833    .text               mc_w.l(iusefp.o)
    0x0800062e   0x0000006e   Code   RO         3834    .text               mf_w.l(fepilogue.o)
    0x0800069c   0x000000ba   Code   RO         3836    .text               mf_w.l(depilogue.o)
    0x08000756   0x000000a2   Code   RO         3840    .text               mf_w.l(dsqrt.o)
    0x080007f8   0x00000024   Code   RO         3848    .text               mc_w.l(init.o)
    0x0800081c   0x000000ae   Code   RO         3390    .text.arm_bitreversal_f32  arm_cortexM4l_math.lib(arm_bitreversal.o)
    0x080008ca   0x00000042   Code   RO         3365    .text.arm_cfft_radix4_f32  arm_cortexM4l_math.lib(arm_cfft_radix4_f32.o)
    0x0800090c   0x0000007c   Code   RO         3380    .text.arm_cfft_radix4_init_f32  arm_cortexM4l_math.lib(arm_cfft_radix4_init_f32.o)
    0x08000988   0x000000e8   Code   RO         3355    .text.arm_cmplx_mag_f32  arm_cortexM4l_math.lib(arm_cmplx_mag_f32.o)
    0x08000a70   0x00000568   Code   RO         3369    .text.arm_radix4_butterfly_f32  arm_cortexM4l_math.lib(arm_cfft_radix4_f32.o)
    0x08000fd8   0x0000059a   Code   RO         3367    .text.arm_radix4_butterfly_inverse_f32  arm_cortexM4l_math.lib(arm_cfft_radix4_f32.o)
    0x08001572   0x0000006e   Code   RO          509    i.ADC_DMAConvCplt   stm32f4xx_hal_adc.o
    0x080015e0   0x00000016   Code   RO          510    i.ADC_DMAError      stm32f4xx_hal_adc.o
    0x080015f6   0x0000000a   Code   RO          511    i.ADC_DMAHalfConvCplt  stm32f4xx_hal_adc.o
    0x08001600   0x0000000c   Code   RO          391    i.ADC_IRQHandler    stm32f4xx_it.o
    0x0800160c   0x00000128   Code   RO          512    i.ADC_Init          stm32f4xx_hal_adc.o
    0x08001734   0x00000002   Code   RO          392    i.BusFault_Handler  stm32f4xx_it.o
    0x08001736   0x00000002   PAD
    0x08001738   0x0000000c   Code   RO          393    i.DMA2_Stream0_IRQHandler  stm32f4xx_it.o
    0x08001744   0x00000028   Code   RO         1270    i.DMA_CalcBaseAndBitshift  stm32f4xx_hal_dma.o
    0x0800176c   0x00000054   Code   RO         1271    i.DMA_CheckFifoParam  stm32f4xx_hal_dma.o
    0x080017c0   0x00000028   Code   RO         1272    i.DMA_SetConfig     stm32f4xx_hal_dma.o
    0x080017e8   0x00000002   Code   RO          394    i.DebugMon_Handler  stm32f4xx_it.o
    0x080017ea   0x00000004   Code   RO           13    i.Error_Handler     main.o
    0x080017ee   0x00000002   Code   RO          683    i.HAL_ADCEx_InjectedConvCpltCallback  stm32f4xx_hal_adc_ex.o
    0x080017f0   0x0000014c   Code   RO          514    i.HAL_ADC_ConfigChannel  stm32f4xx_hal_adc.o
    0x0800193c   0x000001ac   Code   RO           14    i.HAL_ADC_ConvCpltCallback  main.o
    0x08001ae8   0x00000002   Code   RO          516    i.HAL_ADC_ConvHalfCpltCallback  stm32f4xx_hal_adc.o
    0x08001aea   0x00000002   Code   RO          518    i.HAL_ADC_ErrorCallback  stm32f4xx_hal_adc.o
    0x08001aec   0x0000012e   Code   RO          522    i.HAL_ADC_IRQHandler  stm32f4xx_hal_adc.o
    0x08001c1a   0x00000054   Code   RO          523    i.HAL_ADC_Init      stm32f4xx_hal_adc.o
    0x08001c6e   0x00000002   Code   RO          524    i.HAL_ADC_LevelOutOfWindowCallback  stm32f4xx_hal_adc.o
    0x08001c70   0x000000a8   Code   RO          236    i.HAL_ADC_MspInit   adc.o
    0x08001d18   0x00000124   Code   RO          530    i.HAL_ADC_Start_DMA  stm32f4xx_hal_adc.o
    0x08001e3c   0x0000006c   Code   RO          533    i.HAL_ADC_Stop_DMA  stm32f4xx_hal_adc.o
    0x08001ea8   0x00000092   Code   RO         1273    i.HAL_DMA_Abort     stm32f4xx_hal_dma.o
    0x08001f3a   0x00000024   Code   RO         1274    i.HAL_DMA_Abort_IT  stm32f4xx_hal_dma.o
    0x08001f5e   0x00000002   PAD
    0x08001f60   0x000001a0   Code   RO         1278    i.HAL_DMA_IRQHandler  stm32f4xx_hal_dma.o
    0x08002100   0x000000d4   Code   RO         1279    i.HAL_DMA_Init      stm32f4xx_hal_dma.o
    0x080021d4   0x0000006e   Code   RO         1283    i.HAL_DMA_Start_IT  stm32f4xx_hal_dma.o
    0x08002242   0x00000002   PAD
    0x08002244   0x000001e0   Code   RO         1166    i.HAL_GPIO_Init     stm32f4xx_hal_gpio.o
    0x08002424   0x0000000a   Code   RO         1170    i.HAL_GPIO_WritePin  stm32f4xx_hal_gpio.o
    0x0800242e   0x00000002   PAD
    0x08002430   0x0000000c   Code   RO         1722    i.HAL_GetTick       stm32f4xx_hal.o
    0x0800243c   0x00000010   Code   RO         1728    i.HAL_IncTick       stm32f4xx_hal.o
    0x0800244c   0x00000034   Code   RO         1729    i.HAL_Init          stm32f4xx_hal.o
    0x08002480   0x00000040   Code   RO         1730    i.HAL_InitTick      stm32f4xx_hal.o
    0x080024c0   0x00000030   Code   RO          485    i.HAL_MspInit       stm32f4xx_hal_msp.o
    0x080024f0   0x0000001a   Code   RO         1579    i.HAL_NVIC_EnableIRQ  stm32f4xx_hal_cortex.o
    0x0800250a   0x00000002   PAD
    0x0800250c   0x00000040   Code   RO         1585    i.HAL_NVIC_SetPriority  stm32f4xx_hal_cortex.o
    0x0800254c   0x00000024   Code   RO         1586    i.HAL_NVIC_SetPriorityGrouping  stm32f4xx_hal_cortex.o
    0x08002570   0x00000134   Code   RO          788    i.HAL_RCC_ClockConfig  stm32f4xx_hal_rcc.o
    0x080026a4   0x00000020   Code   RO          795    i.HAL_RCC_GetPCLK1Freq  stm32f4xx_hal_rcc.o
    0x080026c4   0x00000020   Code   RO          796    i.HAL_RCC_GetPCLK2Freq  stm32f4xx_hal_rcc.o
    0x080026e4   0x00000064   Code   RO          797    i.HAL_RCC_GetSysClockFreq  stm32f4xx_hal_rcc.o
    0x08002748   0x0000036c   Code   RO          800    i.HAL_RCC_OscConfig  stm32f4xx_hal_rcc.o
    0x08002ab4   0x00000028   Code   RO         1590    i.HAL_SYSTICK_Config  stm32f4xx_hal_cortex.o
    0x08002adc   0x0000007c   Code   RO         2692    i.HAL_TIMEx_MasterConfigSynchronization  stm32f4xx_hal_tim_ex.o
    0x08002b58   0x0000005a   Code   RO         1969    i.HAL_TIM_Base_Init  stm32f4xx_hal_tim.o
    0x08002bb2   0x00000002   PAD
    0x08002bb4   0x00000028   Code   RO          302    i.HAL_TIM_Base_MspInit  tim.o
    0x08002bdc   0x00000064   Code   RO         1972    i.HAL_TIM_Base_Start  stm32f4xx_hal_tim.o
    0x08002c40   0x000000dc   Code   RO         1978    i.HAL_TIM_ConfigClockSource  stm32f4xx_hal_tim.o
    0x08002d1c   0x00000002   Code   RO         2951    i.HAL_UARTEx_RxEventCallback  stm32f4xx_hal_uart.o
    0x08002d1e   0x00000002   Code   RO         2965    i.HAL_UART_ErrorCallback  stm32f4xx_hal_uart.o
    0x08002d20   0x00000268   Code   RO         2968    i.HAL_UART_IRQHandler  stm32f4xx_hal_uart.o
    0x08002f88   0x00000062   Code   RO         2969    i.HAL_UART_Init     stm32f4xx_hal_uart.o
    0x08002fea   0x00000002   PAD
    0x08002fec   0x0000007c   Code   RO          344    i.HAL_UART_MspInit  usart.o
    0x08003068   0x0000002a   Code   RO         2974    i.HAL_UART_Receive_IT  stm32f4xx_hal_uart.o
    0x08003092   0x00000002   PAD
    0x08003094   0x000001bc   Code   RO           15    i.HAL_UART_RxCpltCallback  main.o
    0x08003250   0x000000b2   Code   RO         2977    i.HAL_UART_Transmit  stm32f4xx_hal_uart.o
    0x08003302   0x00000002   Code   RO         2980    i.HAL_UART_TxCpltCallback  stm32f4xx_hal_uart.o
    0x08003304   0x00000002   Code   RO          395    i.HardFault_Handler  stm32f4xx_it.o
    0x08003306   0x00000002   PAD
    0x08003308   0x00000060   Code   RO          237    i.MX_ADC1_Init      adc.o
    0x08003368   0x0000002c   Code   RO          277    i.MX_DMA_Init       dma.o
    0x08003394   0x00000070   Code   RO          211    i.MX_GPIO_Init      gpio.o
    0x08003404   0x00000068   Code   RO          303    i.MX_TIM3_Init      tim.o
    0x0800346c   0x00000038   Code   RO          345    i.MX_USART1_UART_Init  usart.o
    0x080034a4   0x00000002   Code   RO          396    i.MemManage_Handler  stm32f4xx_it.o
    0x080034a6   0x00000002   Code   RO          397    i.NMI_Handler       stm32f4xx_it.o
    0x080034a8   0x00000002   Code   RO          398    i.PendSV_Handler    stm32f4xx_it.o
    0x080034aa   0x00000002   Code   RO          399    i.SVC_Handler       stm32f4xx_it.o
    0x080034ac   0x00000004   Code   RO          400    i.SysTick_Handler   stm32f4xx_it.o
    0x080034b0   0x00000094   Code   RO           16    i.SystemClock_Config  main.o
    0x08003544   0x00000010   Code   RO         3298    i.SystemInit        system_stm32f4xx.o
    0x08003554   0x00000098   Code   RO         2062    i.TIM_Base_SetConfig  stm32f4xx_hal_tim.o
    0x080035ec   0x00000014   Code   RO         2073    i.TIM_ETR_SetConfig  stm32f4xx_hal_tim.o
    0x08003600   0x00000010   Code   RO         2074    i.TIM_ITRx_SetConfig  stm32f4xx_hal_tim.o
    0x08003610   0x00000022   Code   RO         2080    i.TIM_TI1_ConfigInputStage  stm32f4xx_hal_tim.o
    0x08003632   0x00000024   Code   RO         2082    i.TIM_TI2_ConfigInputStage  stm32f4xx_hal_tim.o
    0x08003656   0x00000010   Code   RO         2982    i.UART_DMAAbortOnError  stm32f4xx_hal_uart.o
    0x08003666   0x0000004e   Code   RO         2992    i.UART_EndRxTransfer  stm32f4xx_hal_uart.o
    0x080036b4   0x000000c0   Code   RO         2994    i.UART_Receive_IT   stm32f4xx_hal_uart.o
    0x08003774   0x0000010c   Code   RO         2995    i.UART_SetConfig    stm32f4xx_hal_uart.o
    0x08003880   0x0000003a   Code   RO         2997    i.UART_Start_Receive_IT  stm32f4xx_hal_uart.o
    0x080038ba   0x00000078   Code   RO         2998    i.UART_WaitOnFlagUntilTimeout  stm32f4xx_hal_uart.o
    0x08003932   0x00000002   PAD
    0x08003934   0x0000000c   Code   RO          401    i.USART1_IRQHandler  stm32f4xx_it.o
    0x08003940   0x00000002   Code   RO          402    i.UsageFault_Handler  stm32f4xx_it.o
    0x08003942   0x00000002   PAD
    0x08003944   0x00000020   Code   RO         3575    i.__0printf$1       mc_w.l(printf1.o)
    0x08003964   0x00000020   Code   RO         1592    i.__NVIC_SetPriority  stm32f4xx_hal_cortex.o
    0x08003984   0x0000007a   Code   RO         3499    i.__hardfp_sqrt     m_wm.l(sqrt.o)
    0x080039fe   0x0000000e   Code   RO         3854    i.__scatterload_copy  mc_w.l(handlers.o)
    0x08003a0c   0x00000002   Code   RO         3855    i.__scatterload_null  mc_w.l(handlers.o)
    0x08003a0e   0x0000000e   Code   RO         3856    i.__scatterload_zeroinit  mc_w.l(handlers.o)
    0x08003a1c   0x0000000c   Code   RO         3828    i.__set_errno       mc_w.l(errno.o)
    0x08003a28   0x00000154   Code   RO         3582    i._printf_core      mc_w.l(printf1.o)
    0x08003b7c   0x00000018   Code   RO          346    i.fputc             usart.o
    0x08003b94   0x00000070   Code   RO           17    i.main              main.o
    0x08003c04   0x0000003e   Code   RO         3513    i.sqrtf             m_wm.l(sqrtf.o)
    0x08003c42   0x00000008   Data   RO         1285    .constdata          stm32f4xx_hal_dma.o
    0x08003c4a   0x00000010   Data   RO         3299    .constdata          system_stm32f4xx.o
    0x08003c5a   0x00000008   Data   RO         3300    .constdata          system_stm32f4xx.o
    0x08003c62   0x00000800   Data   RO         3405    .rodata.armBitRevTable  arm_cortexM4l_math.lib(arm_common_tables.o)
    0x08004462   0x00000002   PAD
    0x08004464   0x00008000   Data   RO         3414    .rodata.twiddleCoef_4096  arm_cortexM4l_math.lib(arm_common_tables.o)
    0x0800c464   0x00000020   Data   RO         3852    Region$$Table       anon$$obj.o


    Execution Region RW_IRAM1 (Base: 0x20000000, Size: 0x00003f40, Max: 0x00010000, ABSOLUTE)

    Base Addr    Size         Type   Attr      Idx    E Section Name        Object

    0x20000000   0x00000018   Data   RW           19    .data               main.o
    0x20000018   0x0000000c   Data   RW         1736    .data               stm32f4xx_hal.o
    0x20000024   0x00000004   Data   RW         3301    .data               system_stm32f4xx.o
    0x20000028   0x00000004   Data   RW         3819    .data               mc_w.l(stdout.o)
    0x2000002c   0x00000004   Data   RW         3829    .data               mc_w.l(errno.o)
    0x20000030   0x000039dc   Zero   RW           18    .bss                main.o
    0x20003a0c   0x000000a8   Zero   RW          238    .bss                adc.o
    0x20003ab4   0x00000048   Zero   RW          304    .bss                tim.o
    0x20003afc   0x00000044   Zero   RW          347    .bss                usart.o
    0x20003b40   0x00000400   Zero   RW            1    STACK               startup_stm32f401xc.o


==============================================================================

Image component sizes


      Code (inc. data)   RO Data    RW Data    ZI Data      Debug   Object Name

       264         28          0          0        168       1775   adc.o
        44          4          0          0          0        790   dma.o
       112         10          0          0          0        939   gpio.o
      1136        146          0         24      14812     456509   main.o
        36          8        404          0       1024        844   startup_stm32f401xc.o
       144         24          0         12          0       8657   stm32f4xx_hal.o
      1562         58          0          0          0       8713   stm32f4xx_hal_adc.o
         2          0          0          0          0       1001   stm32f4xx_hal_adc_ex.o
       198         14          0          0          0      33635   stm32f4xx_hal_cortex.o
      1084         16          8          0          0       6626   stm32f4xx_hal_dma.o
       490         34          0          0          0       2012   stm32f4xx_hal_gpio.o
        48          6          0          0          0        870   stm32f4xx_hal_msp.o
      1348         76          0          0          0       5060   stm32f4xx_hal_rcc.o
       668         52          0          0          0       6520   stm32f4xx_hal_tim.o
       124         20          0          0          0       1304   stm32f4xx_hal_tim_ex.o
      1672         16          0          0          0      10368   stm32f4xx_hal_uart.o
        56         18          0          0          0       5669   stm32f4xx_it.o
        16          4         24          4          0       1151   system_stm32f4xx.o
       144         20          0          0         72       1678   tim.o
       204         26          0          0         68       2326   usart.o

    ----------------------------------------------------------------------
      9374        580        468         40      16144     556447   Object Totals
         0          0         32          0          0          0   (incl. Generated)
        22          0          0          0          0          0   (incl. Padding)

    ----------------------------------------------------------------------

      Code (inc. data)   RO Data    RW Data    ZI Data      Debug   Library Member Name

       174          0          0          0          0       2571   arm_bitreversal.o
      2884          0          0          0          0       6486   arm_cfft_radix4_f32.o
       124          0          0          0          0       1574   arm_cfft_radix4_init_f32.o
       232          0          0          0          0       1739   arm_cmplx_mag_f32.o
         0          0      34816          0          0       4961   arm_common_tables.o
       122          0          0          0          0        148   sqrt.o
        62          0          0          0          0        136   sqrtf.o
         0          0          0          0          0          0   entry.o
         0          0          0          0          0          0   entry10a.o
         0          0          0          0          0          0   entry11a.o
         8          4          0          0          0          0   entry2.o
         4          0          0          0          0          0   entry5.o
         0          0          0          0          0          0   entry7b.o
         0          0          0          0          0          0   entry8b.o
         8          4          0          0          0          0   entry9a.o
        12          6          0          4          0         68   errno.o
        30          0          0          0          0          0   handlers.o
        36          8          0          0          0         68   init.o
         0          0          0          0          0          0   iusefp.o
        30          0          0          0          0         68   llshl.o
        32          0          0          0          0         68   llushr.o
        36          0          0          0          0        108   memseta.o
       372         14          0          0          0        184   printf1.o
         0          0          0          4          0          0   stdout.o
        44          0          0          0          0         80   uidiv.o
        98          0          0          0          0         92   uldiv.o
        56          0          0          0          0         88   d2f.o
       222          0          0          0          0        100   ddiv.o
       186          0          0          0          0        176   depilogue.o
        62          0          0          0          0         80   dfixi.o
       228          0          0          0          0         96   dmul.o
       162          0          0          0          0        100   dsqrt.o
        38          0          0          0          0         68   f2d.o
       176          0          0          0          0        140   fadd.o
       110          0          0          0          0        168   fepilogue.o
       100          0          0          0          0         76   fmul.o

    ----------------------------------------------------------------------
      5648         36      34818          8          0      19443   Library Totals
         0          0          2          0          0          0   (incl. Padding)

    ----------------------------------------------------------------------

      Code (inc. data)   RO Data    RW Data    ZI Data      Debug   Library Name

      3414          0      34816          0          0      17331   arm_cortexM4l_math.lib
       184          0          0          0          0        284   m_wm.l
       710         36          0          8          0        736   mc_w.l
      1340          0          0          0          0       1092   mf_w.l

    ----------------------------------------------------------------------
      5648         36      34818          8          0      19443   Library Totals

    ----------------------------------------------------------------------

==============================================================================


      Code (inc. data)   RO Data    RW Data    ZI Data      Debug   

     15022        616      35286         48      16144     567014   Grand Totals
     15022        616      35286         48      16144     567014   ELF Image Totals
     15022        616      35286         48          0          0   ROM Totals

==============================================================================

    Total RO  Size (Code + RO Data)                50308 (  49.13kB)
    Total RW  Size (RW Data + ZI Data)             16192 (  15.81kB)
    Total ROM Size (Code + RO Data + RW Data)      50356 (  49.18kB)

==============================================================================

