<html>
<body>
<pre>
<h1>µVision Build Log</h1>
<h2>Tool Versions:</h2>
IDE-Version: ¦ÌVision V5.14.0.0
Copyright (C) 2015 ARM Ltd and ARM Germany GmbH. All rights reserved.
License Information: 1 maleming030101@163.com, 1, LIC=CZLZX-HP6UG-ARQXW-QZ8R1-9JMC9-036G0
 
Tool Versions:
Toolchain:       MDK-ARM Standard  Version: 5.14.0.0
Toolchain Path:  C:\Keil_v5\ARM\ARMCC\Bin
C Compiler:      Armcc.exe V5.05 update 1 (build 106)
Assembler:       Armasm.exe V5.05 update 1 (build 106)
Linker/Locator:  ArmLink.exe V5.05 update 1 (build 106)
Library Manager: ArmAr.exe V5.05 update 1 (build 106)
Hex Converter:   FromElf.exe V5.05 update 1 (build 106)
CPU DLL:         SARMCM3.DLL V5.14.0.0
Dialog DLL:      DCM.DLL V1.13.1.0
Target DLL:      Segger\JL2CM3.dll V2.99.15.0
Dialog DLL:      TCM.DLL V1.14.4.0
 
<h2>Project:</h2>
C:\Users\malem\Desktop\control_demo\adc_demo\MDK-ARM\adc_demo.uvprojx
Project File Date:  07/12/2022

<h2>Output:</h2>
Build target 'adc_demo'
compiling main.c...
../Core/Src/main.c(209): warning:  #1035-D: single-precision operand implicitly converted to double-precision
                fft_outputbuf[0]=fft_outputbuf[0]*3.3/4096/1024;
../Core/Src/main.c(212): warning:  #1035-D: single-precision operand implicitly converted to double-precision
                                fft_outputbuf[i]=fft_outputbuf[i]*3.3/4096/512;
../Core/Src/main.c: 2 warnings, 0 errors
linking...
Program Size: Code=15022 RO-data=35286 RW-data=48 ZI-data=16144  
FromELF: creating hex file...
"adc_demo\adc_demo.axf" - 0 Error(s), 2 Warning(s).

<h2>Software Packages used:</h2>

Package Vendor: ARM
                http://www.keil.com/pack/ARM.CMSIS.4.2.0.pack
                ARM::CMSIS:CORE:3.40.0
                CMSIS (Cortex Microcontroller Software Interface Standard)
   * Component: CORE Version: 3.40.0

<h2>Collection of Component include folders:</h2>
  C:\Users\malem\Desktop\control_demo\adc_demo\MDK-ARM\RTE
  C:\Keil_v5\ARM\PACK\ARM\CMSIS\4.2.0\CMSIS\Include
  C:\Keil_v5\ARM\PACK\Keil\STM32F4xx_DFP\2.13.0

<h2>Collection of Component Files used:</h2>

   * Component: ARM::CMSIS:CORE:3.40.0
      Source file:   CMSIS\UserCodeTemplates\ARM\ITM_Retarget.c
</pre>
</body>
</html>
